charactercreatorplus\parts\adult female\adult female body 07_color.dds
charactercreatorplus\parts\adult female\adult female body 07_mask.dds
charactercreatorplus\parts\adult female\adult female body 07_normal.dds
charactercreatorplus\parts\adult female\adult female body 07_surface.dds
charactercreatorplus\parts\adult female\adult female body 08_normal.dds
charactercreatorplus\parts\adult female\adult female body 08_surface.dds
charactercreatorplus\parts\adult female\adult female body 08b_color.dds
charactercreatorplus\parts\adult female\adult female body 08c_color.dds
charactercreatorplus\parts\adult female\adult female body 09_normal.dds
charactercreatorplus\parts\adult female\adult female body 09_surface.dds
charactercreatorplus\parts\adult female\adult female body 09b_color.dds
charactercreatorplus\parts\adult female\adult female body 10_normal.dds
charactercreatorplus\parts\adult female\adult female body 10_surface.dds
charactercreatorplus\parts\adult female\adult female body 10b_color.dds
charactercreatorplus\parts\adult female\adult female eyeglasses 01_normal.dds
charactercreatorplus\parts\adult female\adult female eyeglasses 01_surface.dds
charactercreatorplus\parts\adult female\adult female eyeglasses 01a_color.dds
charactercreatorplus\parts\adult female\adult female facialhair 01_color.dds
charactercreatorplus\parts\adult female\adult female facialhair 01_normal.dds
charactercreatorplus\parts\adult female\adult female facialhair 01_surface.dds
charactercreatorplus\parts\adult female\adult female facialhair 04_color.dds
charactercreatorplus\parts\adult female\adult female facialhair 04_normal.dds
charactercreatorplus\parts\adult female\adult female facialhair 04_surface.dds
charactercreatorplus\parts\adult female\adult female facialhair 05_color.dds
charactercreatorplus\parts\adult female\adult female facialhair 05_normal.dds
charactercreatorplus\parts\adult female\adult female facialhair 05_surface.dds
charactercreatorplus\parts\adult female\adult female feet 05_color.dds
charactercreatorplus\parts\adult female\adult female feet 05_normal.dds
charactercreatorplus\parts\adult female\adult female feet 05_surface.dds
charactercreatorplus\parts\adult female\adult female feet 06_color.dds
charactercreatorplus\parts\adult female\adult female feet 06_normal.dds
charactercreatorplus\parts\adult female\adult female feet 06_surface.dds
charactercreatorplus\parts\adult female\adult female hair 06_color.dds
charactercreatorplus\parts\adult female\adult female hair 06_surface.dds
charactercreatorplus\parts\adult female\adult female hair 06b_color.dds
charactercreatorplus\parts\adult female\adult female hair 07_color.dds
charactercreatorplus\parts\adult female\adult female hair 07_normal.dds
charactercreatorplus\parts\adult female\adult female hair 07_surface.dds
charactercreatorplus\parts\adult female\adult female hair 10_normal.dds
charactercreatorplus\parts\adult female\adult female hair 10_surface.dds
charactercreatorplus\parts\adult female\adult female hair 10e_color.dds
charactercreatorplus\parts\adult female\adult female head 01_color.dds
charactercreatorplus\parts\adult female\adult female head 01_normal.dds
charactercreatorplus\parts\adult female\adult female head 01_surface.dds
charactercreatorplus\parts\adult female\adult female head 03_ao.dds
charactercreatorplus\parts\adult female\adult female head 03_color.dds
charactercreatorplus\parts\adult female\adult female head 03_gloss.dds
charactercreatorplus\parts\adult female\adult female head 03_metalness.dds
charactercreatorplus\parts\adult female\adult female head 03_normal.dds
charactercreatorplus\parts\adult female\adult female head 03_surface.dds
charactercreatorplus\parts\adult female\adult female head 04_ao.dds
charactercreatorplus\parts\adult female\adult female head 04_color.dds
charactercreatorplus\parts\adult female\adult female head 04_gloss.dds
charactercreatorplus\parts\adult female\adult female head 04_metalness.dds
charactercreatorplus\parts\adult female\adult female head 04_normal.dds
charactercreatorplus\parts\adult female\adult female head 04_surface.dds
charactercreatorplus\parts\adult female\adult female head 07_color.dds
charactercreatorplus\parts\adult female\adult female head 07_normal.dds
charactercreatorplus\parts\adult female\adult female head 07_surface.dds
charactercreatorplus\parts\adult female\adult female head 09_normal.dds
charactercreatorplus\parts\adult female\adult female head 09_surface.dds
charactercreatorplus\parts\adult female\adult female head 09c_color.dds
charactercreatorplus\parts\adult female\adult female headgear 06_normal.dds
charactercreatorplus\parts\adult female\adult female headgear 06_surface.dds
charactercreatorplus\parts\adult female\adult female headgear 06c_color.dds
charactercreatorplus\parts\adult female\adult female headgear 07_color.dds
charactercreatorplus\parts\adult female\adult female headgear 07_normal.dds
charactercreatorplus\parts\adult female\adult female headgear 07_surface.dds
charactercreatorplus\parts\adult female\adult female legs 07_color.dds
charactercreatorplus\parts\adult female\adult female legs 07_normal.dds
charactercreatorplus\parts\adult female\adult female legs 07_surface.dds
charactercreatorplus\parts\adult female\adult female legs 07c_color.dds
charactercreatorplus\parts\adult female\adult female legs 08_color.dds
charactercreatorplus\parts\adult female\adult female legs 08_normal.dds
charactercreatorplus\parts\adult female\adult female legs 08_surface.dds
charactercreatorplus\parts\adult female\adult female legs 08b_color.dds
charactercreatorplus\parts\adult female\adult female legs 08c_color.dds
charactercreatorplus\parts\adult male\adult male body 13_color.dds
charactercreatorplus\parts\adult male\adult male body 13_mask.dds
charactercreatorplus\parts\adult male\adult male body 13_normal.dds
charactercreatorplus\parts\adult male\adult male body 13_surface.dds
charactercreatorplus\parts\adult male\adult male body 13b_color.dds
charactercreatorplus\parts\adult male\adult male eyeglasses 03_color.dds
charactercreatorplus\parts\adult male\adult male eyeglasses 03_normal.dds
charactercreatorplus\parts\adult male\adult male eyeglasses 03_surface.dds
charactercreatorplus\parts\adult male\adult male eyeglasses 03b_color.dds
charactercreatorplus\parts\adult male\adult male facialhair 04_surface.dds
charactercreatorplus\parts\adult male\adult male facialhair 04c_color.dds
charactercreatorplus\parts\adult male\adult male facialhair 05_surface.dds
charactercreatorplus\parts\adult male\adult male facialhair 05c_color.dds
charactercreatorplus\parts\adult male\adult male facialhair 06_color.dds
charactercreatorplus\parts\adult male\adult male facialhair 06_surface.dds
charactercreatorplus\parts\adult male\adult male feet 10_color.dds
charactercreatorplus\parts\adult male\adult male feet 10_normal.dds
charactercreatorplus\parts\adult male\adult male feet 10_surface.dds
charactercreatorplus\parts\adult male\adult male feet 11_normal.dds
charactercreatorplus\parts\adult male\adult male feet 11_surface.dds
charactercreatorplus\parts\adult male\adult male feet 11b_color.dds
charactercreatorplus\parts\adult male\adult male feet 11c_color.dds
charactercreatorplus\parts\adult male\adult male hair 12_color.dds
charactercreatorplus\parts\adult male\adult male hair 12_surface.dds
charactercreatorplus\parts\adult male\adult male hair 13_surface.dds
charactercreatorplus\parts\adult male\adult male hair 13d_color.dds
charactercreatorplus\parts\adult male\adult male hair 14_surface.dds
charactercreatorplus\parts\adult male\adult male hair 14b_color.dds
charactercreatorplus\parts\adult male\adult male head 05_ao.dds
charactercreatorplus\parts\adult male\adult male head 05_color.dds
charactercreatorplus\parts\adult male\adult male head 05_gloss.dds
charactercreatorplus\parts\adult male\adult male head 05_metalness.dds
charactercreatorplus\parts\adult male\adult male head 05_normal.dds
charactercreatorplus\parts\adult male\adult male head 05_surface.dds
charactercreatorplus\parts\adult male\adult male head 07_ao.dds
charactercreatorplus\parts\adult male\adult male head 07_color.dds
charactercreatorplus\parts\adult male\adult male head 07_gloss.dds
charactercreatorplus\parts\adult male\adult male head 07_metalness.dds
charactercreatorplus\parts\adult male\adult male head 07_normal.dds
charactercreatorplus\parts\adult male\adult male head 07_surface.dds
charactercreatorplus\parts\adult male\adult male head 15_color.dds
charactercreatorplus\parts\adult male\adult male head 15_normal.dds
charactercreatorplus\parts\adult male\adult male head 15_surface.dds
charactercreatorplus\parts\adult male\adult male legs 12_normal.dds
charactercreatorplus\parts\adult male\adult male legs 12_surface.dds
charactercreatorplus\parts\adult male\adult male legs 12a_color.dds
charactercreatorplus\parts\adult male\adult male legs 12b_color.dds
entitybank\max collection\misc\horseshoe bend\female 1.dbo
entitybank\max collection\misc\horseshoe bend\female 1.fpe
entitybank\max collection\misc\horseshoe bend\female 2.dbo
entitybank\max collection\misc\horseshoe bend\female 2.fpe
entitybank\max collection\misc\horseshoe bend\female 3.dbo
entitybank\max collection\misc\horseshoe bend\female 3.fpe
entitybank\max collection\misc\horseshoe bend\male 1.dbo
entitybank\max collection\misc\horseshoe bend\male 1.fpe
entitybank\max collection\misc\horseshoe bend\male 2.dbo
entitybank\max collection\misc\horseshoe bend\male 2.fpe
entitybank\max collection\misc\horseshoe bend\male 3.dbo
entitybank\max collection\misc\horseshoe bend\male 3.fpe
scriptbank\user\black_signal\bs_city_extra.lua
scriptbank\user\black_signal\bs_city_extra_routes.lua
