entitybank\Cyberpunk Streets Booster Pack\Misc\Sidewalk Misc\CS_Bench.fpe
entitybank\Cyberpunk Streets Booster Pack\Misc\Sidewalk Misc\CS_Bench.dbo
entitybank\Cyberpunk Streets Booster Pack\Misc\Sidewalk Misc\CS_Bench_M_Color.dds
entitybank\Cyberpunk Streets Booster Pack\Misc\Sidewalk Misc\CS_Bench_M_normal.dds
entitybank\Cyberpunk Streets Booster Pack\Misc\Sidewalk Misc\CS_Bench_M_surface.dds
entitybank\Cyberpunk Streets Booster Pack\Misc\General Misc\CS_Trash_Can.fpe
entitybank\Cyberpunk Streets Booster Pack\Misc\General Misc\CS_Trash_Can.dbo
entitybank\Cyberpunk Streets Booster Pack\Misc\General Misc\CS_Trash_Can_M_Color.dds
entitybank\Cyberpunk Streets Booster Pack\Misc\General Misc\CS_Trash_Can_M_normal.dds
entitybank\Cyberpunk Streets Booster Pack\Misc\General Misc\CS_Trash_Can_M_surface.dds
entitybank\Cyberpunk Streets Booster Pack\Misc\Street Misc\CS_Stop_Light.fpe
entitybank\Cyberpunk Streets Booster Pack\Misc\Street Misc\CS_Stop_Light.dbo
entitybank\Cyberpunk Streets Booster Pack\Misc\Street Misc\CS_Stop_Light_Pole_M_Color.dds
entitybank\Cyberpunk Streets Booster Pack\Misc\Street Misc\CS_Stop_Light_Pole_M_normal.dds
entitybank\Cyberpunk Streets Booster Pack\Misc\Street Misc\CS_Stop_Light_Pole_M_surface.dds
entitybank\Cyberpunk Streets Booster Pack\Misc\Street Misc\CS_Stop_Light_M_Color.dds
entitybank\Cyberpunk Streets Booster Pack\Misc\Street Misc\CS_Stop_Light_M_normal.dds
entitybank\Cyberpunk Streets Booster Pack\Misc\Street Misc\CS_Stop_Light_M_surface.dds
entitybank\Cyberpunk Streets Booster Pack\Misc\Street Misc\CS_Stop_Light_M_emissive.png
entitybank\Jungle Collection\Trees\Broad Tree.fpe
entitybank\Jungle Collection\Trees\Broad Tree.dbo
entitybank\Jungle Collection\Trees\Broad Tree Trunk_color.dds
entitybank\Jungle Collection\Trees\Broad Tree Trunk_normal.dds
entitybank\Jungle Collection\Trees\Broad Tree Trunk_surface.dds
entitybank\Jungle Collection\Trees\Broad Tree Fronds_color.dds
entitybank\Jungle Collection\Trees\Broad Tree Fronds_normal.dds
entitybank\Jungle Collection\Trees\Broad Tree Fronds_surface.dds
