entitybank\_markers\player start.fpe
entitybank\_markers\start with ghost.dbo
entitybank\_markers\start with ghost.dds
entitybank\cyberpunk streets booster pack\streets and sidewalks\streets\cs_street_t-intersect_3.fpe
entitybank\cyberpunk streets booster pack\streets and sidewalks\streets\cs_street_t-intersect_3.dbo
entitybank\cyberpunk streets booster pack\streets and sidewalks\streets\asphalt_color.dds
entitybank\cyberpunk streets booster pack\streets and sidewalks\streets\asphalt_normal.dds
entitybank\cyberpunk streets booster pack\streets and sidewalks\streets\asphalt_surface.dds
entitybank\cyberpunk streets booster pack\streets and sidewalks\streets\cs_street_straight_4x.fpe
entitybank\cyberpunk streets booster pack\streets and sidewalks\streets\cs_street_straight_4x.dbo
entitybank\cyberpunk streets booster pack\streets and sidewalks\streets\cs_street_4_way_2.fpe
entitybank\cyberpunk streets booster pack\streets and sidewalks\streets\cs_street_4_way_2.dbo
entitybank\cyberpunk streets booster pack\streets and sidewalks\sidewalks\cs_sidewalk_corner1_dropcurb.fpe
entitybank\cyberpunk streets booster pack\streets and sidewalks\sidewalks\cs_sidewalk_corner1_dropcurb.dbo
entitybank\cyberpunk streets booster pack\streets and sidewalks\sidewalks\cs_sidewalk_corner1_m_color.dds
entitybank\cyberpunk streets booster pack\streets and sidewalks\sidewalks\cs_sidewalk_corner1_m_normal.dds
entitybank\cyberpunk streets booster pack\streets and sidewalks\sidewalks\cs_sidewalk_corner1_m_surface.dds
entitybank\cyberpunk streets booster pack\streets and sidewalks\sidewalks\cs_sidewalk_straight_edge.fpe
entitybank\cyberpunk streets booster pack\streets and sidewalks\sidewalks\cs_sidewalk_straight_edge.dbo
entitybank\cyberpunk streets booster pack\streets and sidewalks\sidewalks\cs_sidewalk_straight_edge_m_color.dds
entitybank\cyberpunk streets booster pack\streets and sidewalks\sidewalks\cs_sidewalk_straight_edge_m_normal.dds
entitybank\cyberpunk streets booster pack\streets and sidewalks\sidewalks\cs_sidewalk_straight_edge_m_surface.dds
entitybank\cyberpunk streets booster pack\streets and sidewalks\sidewalks\cs_sidewalk_tile_4x4.fpe
entitybank\cyberpunk streets booster pack\streets and sidewalks\sidewalks\cs_sidewalk_tile_4x4.dbo
entitybank\cyberpunk streets booster pack\streets and sidewalks\sidewalks\cs_sidewalk_tile_m_color.dds
entitybank\cyberpunk streets booster pack\streets and sidewalks\sidewalks\cs_sidewalk_tile_m_normal.dds
entitybank\cyberpunk streets booster pack\streets and sidewalks\sidewalks\cs_sidewalk_tile_m_surface.dds
entitybank\cyberpunk streets booster pack\streets and sidewalks\street decals\cs_street_crosswalk_decal.fpe
entitybank\cyberpunk streets booster pack\streets and sidewalks\street decals\cs_street_crosswalk_decal.dbo
entitybank\cyberpunk streets booster pack\streets and sidewalks\street decals\crosswalk.dds
entitybank\cyberpunk streets booster pack\streets and sidewalks\street decals\asphalt_normal.dds
entitybank\cyberpunk streets booster pack\streets and sidewalks\street decals\asphalt_surface.dds
entitybank\cyberpunk streets booster pack\streets and sidewalks\street decals\cs_street_double_center_line.fpe
entitybank\cyberpunk streets booster pack\streets and sidewalks\street decals\cs_street_double_center_line.dbo
entitybank\cyberpunk streets booster pack\streets and sidewalks\street decals\double_center_lines.dds
entitybank\cyberpunk streets booster pack\misc\sidewalk misc\cs_planter_01.fpe
entitybank\cyberpunk streets booster pack\misc\sidewalk misc\cs_planter_01.dbo
entitybank\cyberpunk streets booster pack\misc\sidewalk misc\cs_planter_01_m_color.dds
entitybank\cyberpunk streets booster pack\misc\sidewalk misc\cs_planter_01_m_normal.dds
entitybank\cyberpunk streets booster pack\misc\sidewalk misc\cs_planter_01_m_surface.dds
entitybank\jungle collection\trees\broad tree.fpe
entitybank\jungle collection\trees\broad tree.dbo
entitybank\jungle collection\trees\broad tree trunk_color.dds
entitybank\jungle collection\trees\broad tree trunk_normal.dds
entitybank\jungle collection\trees\broad tree trunk_surface.dds
entitybank\jungle collection\trees\broad tree fronds_color.dds
entitybank\jungle collection\trees\broad tree fronds_normal.dds
entitybank\jungle collection\trees\broad tree fronds_surface.dds
entitybank\cyberpunk streets booster pack\buildings\cs_wall_corner_01.fpe
entitybank\cyberpunk streets booster pack\buildings\cs_wall_corner_01.dbo
entitybank\cyberpunk streets booster pack\buildings\cs_wall_corner_01_m_color.dds
entitybank\cyberpunk streets booster pack\buildings\cs_wall_corner_01_m_normal.dds
entitybank\cyberpunk streets booster pack\buildings\cs_wall_corner_01_m_surface.dds
entitybank\cyberpunk streets booster pack\buildings\cs_walls_01_window_with_bars.fpe
entitybank\cyberpunk streets booster pack\buildings\cs_walls_01_window_with_bars.dbo
entitybank\cyberpunk streets booster pack\buildings\cs_wall_01_window_bars_m_color.dds
entitybank\cyberpunk streets booster pack\buildings\cs_wall_01_window_bars_m_normal.dds
entitybank\cyberpunk streets booster pack\buildings\cs_wall_01_window_bars_m_surface.dds
entitybank\cyberpunk streets booster pack\buildings\cs_wall_01_window_m_color.dds
entitybank\cyberpunk streets booster pack\buildings\cs_wall_01_window_m_normal.dds
entitybank\cyberpunk streets booster pack\buildings\cs_wall_01_window_m_surface.dds
entitybank\cyberpunk streets booster pack\buildings\cs_wall_01_entry_01.fpe
entitybank\cyberpunk streets booster pack\buildings\cs_wall_01_entry_01.dbo
entitybank\cyberpunk streets booster pack\buildings\cs_wall_01_entry_01_m_color.dds
entitybank\cyberpunk streets booster pack\buildings\cs_wall_01_entry_01_m_normal.dds
entitybank\cyberpunk streets booster pack\buildings\cs_wall_01_entry_01_m_surface.dds
entitybank\cyberpunk streets booster pack\buildings\cs_wall_01.fpe
entitybank\cyberpunk streets booster pack\buildings\cs_wall_01.dbo
entitybank\cyberpunk streets booster pack\buildings\cs_wall_01_m_color.dds
entitybank\cyberpunk streets booster pack\buildings\cs_wall_01_m_normal.dds
entitybank\cyberpunk streets booster pack\buildings\cs_wall_01_m_surface.dds
entitybank\cyberpunk streets booster pack\buildings\cs_roof_tile_2x2.fpe
entitybank\cyberpunk streets booster pack\buildings\cs_roof_tile_2x2.dbo
entitybank\cyberpunk streets booster pack\buildings\asphalt_color.dds
entitybank\cyberpunk streets booster pack\buildings\asphalt_normal.dds
entitybank\cyberpunk streets booster pack\buildings\asphalt_surface.dds
entitybank\cyberpunk streets booster pack\misc\sidewalk misc\cs_street_lamp.fpe
entitybank\cyberpunk streets booster pack\misc\sidewalk misc\cs_street_lamp.dbo
entitybank\cyberpunk streets booster pack\misc\sidewalk misc\cs_street_lamp_m_color.dds
entitybank\cyberpunk streets booster pack\misc\sidewalk misc\cs_street_lamp_m_normal.dds
entitybank\cyberpunk streets booster pack\misc\sidewalk misc\cs_street_lamp_m_surface.dds
entitybank\cyberpunk streets booster pack\misc\sidewalk misc\cs_street_lamp_m_emissive.png
entitybank\_markers\white light.fpe
entitybank\_markers\hybridlight.dbo
entitybank\_markers\lightbulb_white_d.dds
entitybank\cyberpunk streets booster pack\buildings\cs_wall_01_entry_04.fpe
entitybank\cyberpunk streets booster pack\buildings\cs_wall_01_entry_04.dbo
entitybank\cyberpunk streets booster pack\buildings\cs_wall_01_entry_04_m_color.dds
entitybank\cyberpunk streets booster pack\buildings\cs_wall_01_entry_04_m_normal.dds
entitybank\cyberpunk streets booster pack\buildings\cs_wall_01_entry_04_m_surface.dds
entitybank\cyberpunk streets booster pack\streets and sidewalks\streets\cs_street_light_marker.fpe
entitybank\cyberpunk streets booster pack\streets and sidewalks\streets\cs_street_light_marker.dbo
entitybank\cyberpunk streets booster pack\streets and sidewalks\streets\cs_street_light_marker_m_color.dds
entitybank\cyberpunk streets booster pack\streets and sidewalks\streets\cs_street_light_marker_m_normal.dds
entitybank\cyberpunk streets booster pack\streets and sidewalks\streets\cs_street_light_marker_m_surface.dds
entitybank\cyberpunk streets booster pack\streets and sidewalks\streets\cs_street_light_marker_m_emissive.png
entitybank\cyberpunk streets booster pack\misc\sidewalk misc\cs_sidewalk_light.fpe
entitybank\cyberpunk streets booster pack\misc\sidewalk misc\cs_sidewalk_light.dbo
entitybank\cyberpunk streets booster pack\misc\sidewalk misc\cs_sidewalk_light_m_color.dds
entitybank\cyberpunk streets booster pack\misc\sidewalk misc\cs_sidewalk_light_m_normal.dds
entitybank\cyberpunk streets booster pack\misc\sidewalk misc\cs_sidewalk_light_m_surface.dds
entitybank\cyberpunk streets booster pack\misc\sidewalk misc\cs_sidewalk_light_m_emissive.dds
entitybank\cyberpunk streets booster pack\streets and sidewalks\street decals\cs_street_straight_arrow_decal.fpe
entitybank\cyberpunk streets booster pack\streets and sidewalks\street decals\cs_street_straight_arrow_decal.dbo
entitybank\cyberpunk streets booster pack\streets and sidewalks\street decals\straight_arrow.dds
entitybank\cyberpunk streets booster pack\misc\sidewalk misc\cs_bench.fpe
entitybank\cyberpunk streets booster pack\misc\sidewalk misc\cs_bench.dbo
entitybank\cyberpunk streets booster pack\misc\sidewalk misc\cs_bench_m_color.dds
entitybank\cyberpunk streets booster pack\misc\sidewalk misc\cs_bench_m_normal.dds
entitybank\cyberpunk streets booster pack\misc\sidewalk misc\cs_bench_m_surface.dds
entitybank\cyberpunk streets booster pack\misc\street misc\cs_stop_light.fpe
entitybank\cyberpunk streets booster pack\misc\street misc\cs_stop_light.dbo
entitybank\cyberpunk streets booster pack\misc\street misc\cs_stop_light_pole_m_color.dds
entitybank\cyberpunk streets booster pack\misc\street misc\cs_stop_light_pole_m_normal.dds
entitybank\cyberpunk streets booster pack\misc\street misc\cs_stop_light_pole_m_surface.dds
entitybank\cyberpunk streets booster pack\misc\street misc\cs_stop_light_m_color.dds
entitybank\cyberpunk streets booster pack\misc\street misc\cs_stop_light_m_normal.dds
entitybank\cyberpunk streets booster pack\misc\street misc\cs_stop_light_m_surface.dds
entitybank\cyberpunk streets booster pack\misc\street misc\cs_stop_light_m_emissive.png
entitybank\cyberpunk streets booster pack\misc\general misc\cs_trash_can.fpe
entitybank\cyberpunk streets booster pack\misc\general misc\cs_trash_can.dbo
entitybank\cyberpunk streets booster pack\misc\general misc\cs_trash_can_m_color.dds
entitybank\cyberpunk streets booster pack\misc\general misc\cs_trash_can_m_normal.dds
entitybank\cyberpunk streets booster pack\misc\general misc\cs_trash_can_m_surface.dds
entitybank\cyberpunk streets booster pack\misc\general misc\cs_atm.fpe
entitybank\cyberpunk streets booster pack\misc\general misc\cs_atm.dbo
entitybank\cyberpunk streets booster pack\misc\general misc\cs_atm_m_color.dds
entitybank\cyberpunk streets booster pack\misc\general misc\cs_atm_m_normal.dds
entitybank\cyberpunk streets booster pack\misc\general misc\cs_atm_m_surface.dds
entitybank\cyberpunk streets booster pack\misc\general misc\cs_atm_m_emissive.png
entitybank\cyberpunk streets booster pack\misc\general misc\cs_atm_screen.fpe
entitybank\cyberpunk streets booster pack\misc\general misc\cs_atm_screen.dbo
entitybank\cyberpunk streets booster pack\misc\general misc\cs_atm_color.png
entitybank\cyberpunk streets booster pack\misc\general misc\cs_atm_surface.dds
entitybank\cyberpunk streets booster pack\misc\building misc\cs_aircon_01.fpe
entitybank\cyberpunk streets booster pack\misc\building misc\cs_aircon_01.dbo
entitybank\cyberpunk streets booster pack\misc\building misc\cs_aircon_01_m_color.dds
entitybank\cyberpunk streets booster pack\misc\building misc\cs_aircon_01_m_normal.dds
entitybank\cyberpunk streets booster pack\misc\building misc\cs_aircon_01_m_surface.dds
entitybank\cyberpunk streets booster pack\misc\building misc\cs_aircon_01_stand.fpe
entitybank\cyberpunk streets booster pack\misc\building misc\cs_aircon_01_stand.dbo
entitybank\cyberpunk streets booster pack\misc\building misc\cs_aircon_01_stand_m_color.dds
entitybank\cyberpunk streets booster pack\misc\building misc\cs_aircon_01_stand_m_normal.dds
entitybank\cyberpunk streets booster pack\misc\building misc\cs_aircon_01_stand_m_surface.dds
entitybank\cyberpunk streets booster pack\misc\debris\cs_bottle_can_cluster_01.fpe
entitybank\cyberpunk streets booster pack\misc\debris\cs_bottle_can_cluster_01.dbo
entitybank\cyberpunk streets booster pack\misc\debris\cs_bottle_01_m_color.dds
entitybank\cyberpunk streets booster pack\misc\debris\cs_bottle_01_m_normal.dds
entitybank\cyberpunk streets booster pack\misc\debris\cs_bottle_01_m_surface.dds
entitybank\cyberpunk streets booster pack\misc\debris\cs_can_01_m_color.dds
entitybank\cyberpunk streets booster pack\misc\debris\cs_can_01_m_normal.dds
entitybank\cyberpunk streets booster pack\misc\debris\cs_can_01_m_surface.dds
entitybank\cyberpunk streets booster pack\misc\debris\cs_can_02_m_color.dds
entitybank\cyberpunk streets booster pack\misc\debris\cs_can_03_m_color.dds
entitybank\cyberpunk streets booster pack\misc\debris\cs_box_01.fpe
entitybank\cyberpunk streets booster pack\misc\debris\cs_box_01.dbo
entitybank\cyberpunk streets booster pack\misc\debris\cs_box_01_m_color.dds
entitybank\cyberpunk streets booster pack\misc\debris\cs_box_01_m_normal.dds
entitybank\cyberpunk streets booster pack\misc\debris\cs_box_01_m_surface.dds
entitybank\cyberpunk streets booster pack\misc\debris\cs_box_02.fpe
entitybank\cyberpunk streets booster pack\misc\debris\cs_box_02.dbo
entitybank\cyberpunk streets booster pack\misc\debris\cs_box_02_m_color.dds
entitybank\cyberpunk streets booster pack\misc\debris\cs_box_02_m_normal.dds
entitybank\cyberpunk streets booster pack\misc\debris\cs_box_02_m_surface.dds
entitybank\cyberpunk streets booster pack\misc\general misc\cs_bus_stop.fpe
entitybank\cyberpunk streets booster pack\misc\general misc\cs_bus_stop.dbo
entitybank\cyberpunk streets booster pack\misc\general misc\cs_bus_stop_m_color.dds
entitybank\cyberpunk streets booster pack\misc\general misc\cs_bus_stop_m_normal.dds
entitybank\cyberpunk streets booster pack\misc\general misc\cs_bus_stop_m_surface.dds
entitybank\cyberpunk streets booster pack\misc\general misc\cs_bus_stop_neon_sign.fpe
entitybank\cyberpunk streets booster pack\misc\general misc\cs_bus_stop_neon_sign.dbo
entitybank\cyberpunk streets booster pack\misc\general misc\cs_bus_stop_neon_sign_color.png
entitybank\cyberpunk streets booster pack\misc\general misc\cs_bus_stop_neon_sign_surface.dds
entitybank\cyberpunk streets booster pack\misc\debris\cs_can_01.fpe
entitybank\cyberpunk streets booster pack\misc\debris\cs_can_01.dbo
entitybank\cyberpunk streets booster pack\misc\debris\cs_can_03.fpe
entitybank\cyberpunk streets booster pack\misc\debris\cs_can_03.dbo
entitybank\cyberpunk streets booster pack\misc\debris\cs_cardboard.fpe
entitybank\cyberpunk streets booster pack\misc\debris\cs_cardboard.dbo
entitybank\cyberpunk streets booster pack\misc\debris\cs_cardboard_01_m_color.dds
entitybank\cyberpunk streets booster pack\misc\debris\cs_cardboard_01_m_normal.dds
entitybank\cyberpunk streets booster pack\misc\debris\cs_cardboard_01_m_surface.dds
entitybank\cyberpunk streets booster pack\misc\general misc\cs_dumpster_closed.fpe
entitybank\cyberpunk streets booster pack\misc\general misc\cs_dumpster_closed.dbo
entitybank\cyberpunk streets booster pack\misc\general misc\cs_dumpster_m_color.dds
entitybank\cyberpunk streets booster pack\misc\general misc\cs_dumpster_m_normal.dds
entitybank\cyberpunk streets booster pack\misc\general misc\cs_dumpster_m_surface.dds
entitybank\cyberpunk streets booster pack\misc\sidewalk misc\cs_fireplug.fpe
entitybank\cyberpunk streets booster pack\misc\sidewalk misc\cs_fireplug.dbo
entitybank\cyberpunk streets booster pack\misc\sidewalk misc\cs_fireplug_m_color.dds
entitybank\cyberpunk streets booster pack\misc\sidewalk misc\cs_fireplug_m_normal.dds
entitybank\cyberpunk streets booster pack\misc\sidewalk misc\cs_fireplug_m_surface.dds
entitybank\cyberpunk streets booster pack\misc\building misc\cs_neon_01.fpe
entitybank\cyberpunk streets booster pack\misc\building misc\cs_neon_01.dbo
entitybank\cyberpunk streets booster pack\misc\building misc\cs_neon_01_color.png
entitybank\cyberpunk streets booster pack\misc\building misc\cs_neon_01_surface.dds
entitybank\cyberpunk streets booster pack\misc\building misc\cs_neon_02.fpe
entitybank\cyberpunk streets booster pack\misc\building misc\cs_neon_02.dbo
entitybank\cyberpunk streets booster pack\misc\building misc\cs_neon_02_color.png
entitybank\cyberpunk streets booster pack\misc\building misc\cs_neon_02_surface.dds
entitybank\cyberpunk streets booster pack\misc\debris\cs_newspaper_01.fpe
entitybank\cyberpunk streets booster pack\misc\debris\cs_newspaper_01.dbo
entitybank\cyberpunk streets booster pack\misc\debris\cs_newspaper_01_color.dds
entitybank\cyberpunk streets booster pack\misc\debris\cs_newspaper_01_surface.dds
entitybank\cyberpunk streets booster pack\misc\debris\cs_newspaper_02.fpe
entitybank\cyberpunk streets booster pack\misc\debris\cs_newspaper_02.dbo
entitybank\cyberpunk streets booster pack\misc\debris\cs_newspaper_02_color.dds
entitybank\cyberpunk streets booster pack\misc\debris\cs_newspaper_02_surface.dds
entitybank\cyberpunk streets booster pack\store fronts\cs_store_front_01.fpe
entitybank\cyberpunk streets booster pack\store fronts\cs_store_front_01.dbo
entitybank\cyberpunk streets booster pack\store fronts\cs_store_front_01_m_color.dds
entitybank\cyberpunk streets booster pack\store fronts\cs_store_front_01_m_normal.dds
entitybank\cyberpunk streets booster pack\store fronts\cs_store_front_01_m_surface.dds
entitybank\cyberpunk streets booster pack\store fronts\cs_store_front_01_m_emissive.png
entitybank\cyberpunk streets booster pack\store fronts\cs_store_front_01_blue.fpe
entitybank\cyberpunk streets booster pack\store fronts\cs_store_front_01_blue.dbo
entitybank\cyberpunk streets booster pack\store fronts\cs_store_front_01_blue_m_color.dds
entitybank\cyberpunk streets booster pack\store fronts\cs_store_front_01_entrance.fpe
entitybank\cyberpunk streets booster pack\store fronts\cs_store_front_01_entrance.dbo
entitybank\cyberpunk streets booster pack\store fronts\cs_store_front_01_entrance_m_color.dds
entitybank\cyberpunk streets booster pack\store fronts\cs_store_front_01_entrance_m_normal.dds
entitybank\cyberpunk streets booster pack\store fronts\cs_store_front_01_entrance_m_surface.dds
entitybank\cyberpunk streets booster pack\store fronts\cs_store_front_01_entrance_m_emissive.png
entitybank\cyberpunk streets booster pack\store fronts\cs_store_front_01_sign.fpe
entitybank\cyberpunk streets booster pack\store fronts\cs_store_front_01_sign.dbo
entitybank\cyberpunk streets booster pack\store fronts\cs_store_front_01_sign_m_color.dds
entitybank\cyberpunk streets booster pack\store fronts\cs_store_front_01_sign_m_normal.dds
entitybank\cyberpunk streets booster pack\store fronts\cs_store_front_01_sign_m_surface.dds
entitybank\cyberpunk streets booster pack\store fronts\cs_store_front_01_sign_m_emissive.png
entitybank\cyberpunk streets booster pack\misc\general misc\cs_trashbag_01.fpe
entitybank\cyberpunk streets booster pack\misc\general misc\cs_trashbag_01.dbo
entitybank\cyberpunk streets booster pack\misc\general misc\cs_trashbag_01_m_color.dds
entitybank\cyberpunk streets booster pack\misc\general misc\cs_trashbag_01_m_normal.dds
entitybank\cyberpunk streets booster pack\misc\general misc\cs_trashbag_01_m_surface.dds
entitybank\cyberpunk streets booster pack\misc\general misc\cs_trashbag_02.fpe
entitybank\cyberpunk streets booster pack\misc\general misc\cs_trashbag_02.dbo
entitybank\cyberpunk streets booster pack\misc\general misc\cs_trashbag_03.fpe
entitybank\cyberpunk streets booster pack\misc\general misc\cs_trashbag_03.dbo
entitybank\cyberpunk streets booster pack\buildings\cs_wall_01_neondecor_01_sign_02_computers.fpe
entitybank\cyberpunk streets booster pack\buildings\cs_wall_01_neondecor_01_sign_02_computers.dbo
entitybank\cyberpunk streets booster pack\buildings\cs_wall_01_neondecor_01_sign_02_computers.png
entitybank\cyberpunk streets booster pack\buildings\cs_wall_01_neondecor_01_sign_02_surface.dds
entitybank\cyberpunk streets booster pack\streets and sidewalks\street decals\cs_street_straight_right_arrow_decal.fpe
entitybank\cyberpunk streets booster pack\streets and sidewalks\street decals\cs_street_straight_right_arrow_decal.dbo
entitybank\cyberpunk streets booster pack\streets and sidewalks\street decals\straight_right_arrow.dds
entitybank\cyberpunk streets booster pack\buildings\cs_wall_01_overhang.fpe
entitybank\cyberpunk streets booster pack\buildings\cs_wall_01_overhang.dbo
entitybank\cyberpunk streets booster pack\buildings\cs_wall_01_overhang_m_color.dds
entitybank\cyberpunk streets booster pack\buildings\cs_wall_01_overhang_m_normal.dds
entitybank\cyberpunk streets booster pack\buildings\cs_wall_01_overhang_m_surface.dds
entitybank\booster pack\camping pack\tent3.fpe
entitybank\booster pack\camping pack\tent3.dbo
entitybank\booster pack\camping pack\tx_tent_01b_color.dds
entitybank\booster pack\camping pack\tx_tent_01b_normal.dds
entitybank\booster pack\camping pack\tx_tent_01b_surface.dds
entitybank\booster pack\camping pack\tent1.fpe
entitybank\booster pack\camping pack\tent1.dbo
entitybank\booster pack\camping pack\tx_tent_01a_color.dds
entitybank\booster pack\camping pack\tx_tent_01a_normal.dds
entitybank\booster pack\camping pack\tx_tent_01a_surface.dds
























































































































































































































































































































































































































































































































































































































































































































