entitybank\_markers\hybridlight.dbo
entitybank\_markers\lightbulb_white_d.dds
entitybank\_markers\player start.fpe
entitybank\_markers\start with ghost.dbo
entitybank\_markers\start with ghost.dds
entitybank\_markers\white light.fpe
entitybank\cyberpunk streets booster pack\background buildings\cs_bg_building_01_base_m_color.dds
entitybank\cyberpunk streets booster pack\background buildings\cs_bg_building_01_base_m_normal.dds
entitybank\cyberpunk streets booster pack\background buildings\cs_bg_building_01_base_m_surface.dds
entitybank\cyberpunk streets booster pack\background buildings\cs_bg_building_01_base.dbo
entitybank\cyberpunk streets booster pack\background buildings\cs_bg_building_01_base.fpe
entitybank\cyberpunk streets booster pack\background buildings\cs_bg_building_01_base2.dbo
entitybank\cyberpunk streets booster pack\background buildings\cs_bg_building_01_base2.fpe
entitybank\cyberpunk streets booster pack\background buildings\cs_bg_building_01_floor_between_m_color.dds
entitybank\cyberpunk streets booster pack\background buildings\cs_bg_building_01_floor_between_m_normal.dds
entitybank\cyberpunk streets booster pack\background buildings\cs_bg_building_01_floor_between_m_surface.dds
entitybank\cyberpunk streets booster pack\background buildings\cs_bg_building_01_floor_between.dbo
entitybank\cyberpunk streets booster pack\background buildings\cs_bg_building_01_floor_between.fpe
entitybank\cyberpunk streets booster pack\background buildings\cs_bg_building_01_floor.dbo
entitybank\cyberpunk streets booster pack\background buildings\cs_bg_building_01_floor.fpe
entitybank\cyberpunk streets booster pack\background buildings\cs_bg_building_01_top_m_color.dds
entitybank\cyberpunk streets booster pack\background buildings\cs_bg_building_01_top_m_emissive.png
entitybank\cyberpunk streets booster pack\background buildings\cs_bg_building_01_top_m_normal.dds
entitybank\cyberpunk streets booster pack\background buildings\cs_bg_building_01_top_m_surface.dds
entitybank\cyberpunk streets booster pack\background buildings\cs_bg_building_01_top.dbo
entitybank\cyberpunk streets booster pack\background buildings\cs_bg_building_01_top.fpe
entitybank\cyberpunk streets booster pack\background buildings\cs_bg_building_02_base_m_color.dds
entitybank\cyberpunk streets booster pack\background buildings\cs_bg_building_02_base_m_emissive.png
entitybank\cyberpunk streets booster pack\background buildings\cs_bg_building_02_base_m_normal.dds
entitybank\cyberpunk streets booster pack\background buildings\cs_bg_building_02_base_m_surface.dds
entitybank\cyberpunk streets booster pack\background buildings\cs_bg_building_02_base.dbo
entitybank\cyberpunk streets booster pack\background buildings\cs_bg_building_02_base.fpe
entitybank\cyberpunk streets booster pack\background buildings\cs_bg_building_02_floor_m_color.dds
entitybank\cyberpunk streets booster pack\background buildings\cs_bg_building_02_floor_m_normal.dds
entitybank\cyberpunk streets booster pack\background buildings\cs_bg_building_02_floor_m_surface.dds
entitybank\cyberpunk streets booster pack\background buildings\cs_bg_building_02_floor.dbo
entitybank\cyberpunk streets booster pack\background buildings\cs_bg_building_02_floor.fpe
entitybank\cyberpunk streets booster pack\background buildings\cs_bg_building_02_top_m_color.dds
entitybank\cyberpunk streets booster pack\background buildings\cs_bg_building_02_top_m_emissive.png
entitybank\cyberpunk streets booster pack\background buildings\cs_bg_building_02_top_m_normal.dds
entitybank\cyberpunk streets booster pack\background buildings\cs_bg_building_02_top_m_surface.dds
entitybank\cyberpunk streets booster pack\background buildings\cs_bg_building_02_top.dbo
entitybank\cyberpunk streets booster pack\background buildings\cs_bg_building_02_top.fpe
entitybank\cyberpunk streets booster pack\background buildings\cs_bg_building_03_base_m_color.dds
entitybank\cyberpunk streets booster pack\background buildings\cs_bg_building_03_base_m_normal.dds
entitybank\cyberpunk streets booster pack\background buildings\cs_bg_building_03_base_m_surface.dds
entitybank\cyberpunk streets booster pack\background buildings\cs_bg_building_03_base.dbo
entitybank\cyberpunk streets booster pack\background buildings\cs_bg_building_03_base.fpe
entitybank\cyberpunk streets booster pack\background buildings\cs_bg_building_03_floor_m_color.dds
entitybank\cyberpunk streets booster pack\background buildings\cs_bg_building_03_floor_m_emissive.png
entitybank\cyberpunk streets booster pack\background buildings\cs_bg_building_03_floor_m_normal.dds
entitybank\cyberpunk streets booster pack\background buildings\cs_bg_building_03_floor_m_surface.dds
entitybank\cyberpunk streets booster pack\background buildings\cs_bg_building_03_floor.dbo
entitybank\cyberpunk streets booster pack\background buildings\cs_bg_building_03_floor.fpe
entitybank\cyberpunk streets booster pack\background buildings\cs_bg_building_03_top_m_color.dds
entitybank\cyberpunk streets booster pack\background buildings\cs_bg_building_03_top_m_emissive.png
entitybank\cyberpunk streets booster pack\background buildings\cs_bg_building_03_top_m_normal.dds
entitybank\cyberpunk streets booster pack\background buildings\cs_bg_building_03_top_m_surface.dds
entitybank\cyberpunk streets booster pack\background buildings\cs_bg_building_03_top.dbo
entitybank\cyberpunk streets booster pack\background buildings\cs_bg_building_03_top.fpe
entitybank\cyberpunk streets booster pack\background buildings\cs_bg_building_04_base_m_color.dds
entitybank\cyberpunk streets booster pack\background buildings\cs_bg_building_04_base_m_normal.dds
entitybank\cyberpunk streets booster pack\background buildings\cs_bg_building_04_base_m_surface.dds
entitybank\cyberpunk streets booster pack\background buildings\cs_bg_building_04_base.dbo
entitybank\cyberpunk streets booster pack\background buildings\cs_bg_building_04_base.fpe
entitybank\cyberpunk streets booster pack\background buildings\cs_bg_building_04_base2.dbo
entitybank\cyberpunk streets booster pack\background buildings\cs_bg_building_04_base2.fpe
entitybank\cyberpunk streets booster pack\background buildings\cs_bg_building_04_floor_m_color.dds
entitybank\cyberpunk streets booster pack\background buildings\cs_bg_building_04_floor_m_normal.dds
entitybank\cyberpunk streets booster pack\background buildings\cs_bg_building_04_floor_m_surface.dds
entitybank\cyberpunk streets booster pack\background buildings\cs_bg_building_04_floor.dbo
entitybank\cyberpunk streets booster pack\background buildings\cs_bg_building_04_floor.fpe
entitybank\cyberpunk streets booster pack\background buildings\cs_bg_building_04_neon_color.png
entitybank\cyberpunk streets booster pack\background buildings\cs_bg_building_04_neon_surface.dds
entitybank\cyberpunk streets booster pack\background buildings\cs_bg_building_04_neon.dbo
entitybank\cyberpunk streets booster pack\background buildings\cs_bg_building_04_neon.fpe
entitybank\cyberpunk streets booster pack\background buildings\cs_bg_building_04_top_m_color.dds
entitybank\cyberpunk streets booster pack\background buildings\cs_bg_building_04_top_m_normal.dds
entitybank\cyberpunk streets booster pack\background buildings\cs_bg_building_04_top_m_surface.dds
entitybank\cyberpunk streets booster pack\background buildings\cs_bg_building_04_top.dbo
entitybank\cyberpunk streets booster pack\background buildings\cs_bg_building_04_top.fpe
entitybank\cyberpunk streets booster pack\background buildings\cs_building_01_base2_m_color.dds
entitybank\cyberpunk streets booster pack\background buildings\cs_building_01_base2_m_normal.dds
entitybank\cyberpunk streets booster pack\background buildings\cs_building_01_base2_m_surface.dds
entitybank\cyberpunk streets booster pack\background buildings\cs_building_01_floor_m_color.dds
entitybank\cyberpunk streets booster pack\background buildings\cs_building_01_floor_m_normal.dds
entitybank\cyberpunk streets booster pack\background buildings\cs_building_01_floor_m_surface.dds
entitybank\cyberpunk streets booster pack\background buildings\ms_bg_building_04_base2_m_color.dds
entitybank\cyberpunk streets booster pack\background buildings\ms_bg_building_04_base2_m_normal.dds
entitybank\cyberpunk streets booster pack\background buildings\ms_bg_building_04_base2_m_surface.dds
entitybank\cyberpunk streets booster pack\buildings\asphalt_color.dds
entitybank\cyberpunk streets booster pack\buildings\asphalt_normal.dds
entitybank\cyberpunk streets booster pack\buildings\asphalt_surface.dds
entitybank\cyberpunk streets booster pack\buildings\cs_building_entrance_overpass_02.dbo
entitybank\cyberpunk streets booster pack\buildings\cs_building_entrance_overpass_02.fpe
entitybank\cyberpunk streets booster pack\buildings\cs_building_entrance_overpass_support_m_color.dds
entitybank\cyberpunk streets booster pack\buildings\cs_building_entrance_overpass_support_m_normal.dds
entitybank\cyberpunk streets booster pack\buildings\cs_building_entrance_overpass_support_m_surface.dds
entitybank\cyberpunk streets booster pack\buildings\cs_building_entrance_overpass_support.dbo
entitybank\cyberpunk streets booster pack\buildings\cs_building_entrance_overpass_support.fpe
entitybank\cyberpunk streets booster pack\buildings\cs_building_entrance_overpass_wall_m_color.dds
entitybank\cyberpunk streets booster pack\buildings\cs_building_entrance_overpass_wall_m_normal.dds
entitybank\cyberpunk streets booster pack\buildings\cs_building_entrance_overpass_wall_m_surface.dds
entitybank\cyberpunk streets booster pack\buildings\cs_building_entrance_overpass_wall.dbo
entitybank\cyberpunk streets booster pack\buildings\cs_building_entrance_overpass_wall.fpe
entitybank\cyberpunk streets booster pack\buildings\cs_building_entrance_overpass.dbo
entitybank\cyberpunk streets booster pack\buildings\cs_building_entrance_overpass.fpe
entitybank\cyberpunk streets booster pack\buildings\cs_building_entrance_steps_01_m_color.dds
entitybank\cyberpunk streets booster pack\buildings\cs_building_entrance_steps_01_m_normal.dds
entitybank\cyberpunk streets booster pack\buildings\cs_building_entrance_steps_01_m_surface.dds
entitybank\cyberpunk streets booster pack\buildings\cs_building_entrance_steps_02_m_color.dds
entitybank\cyberpunk streets booster pack\buildings\cs_building_entrance_steps_02_m_normal.dds
entitybank\cyberpunk streets booster pack\buildings\cs_building_entrance_steps_02_m_surface.dds
entitybank\cyberpunk streets booster pack\buildings\cs_building_entrance_steps_03_m_color.dds
entitybank\cyberpunk streets booster pack\buildings\cs_building_entrance_steps_03_m_normal.dds
entitybank\cyberpunk streets booster pack\buildings\cs_building_entrance_steps_03_m_surface.dds
entitybank\cyberpunk streets booster pack\buildings\cs_building_entrance_steps.dbo
entitybank\cyberpunk streets booster pack\buildings\cs_building_entrance_steps.fpe
entitybank\cyberpunk streets booster pack\buildings\cs_building_overpass_02_m_color.dds
entitybank\cyberpunk streets booster pack\buildings\cs_building_overpass_02_m_normal.dds
entitybank\cyberpunk streets booster pack\buildings\cs_building_overpass_02_m_surface.dds
entitybank\cyberpunk streets booster pack\buildings\cs_building_overpass_m_color.dds
entitybank\cyberpunk streets booster pack\buildings\cs_building_overpass_m_normal.dds
entitybank\cyberpunk streets booster pack\buildings\cs_building_overpass_m_surface.dds
entitybank\cyberpunk streets booster pack\buildings\cs_roof_tile_2x2.dbo
entitybank\cyberpunk streets booster pack\buildings\cs_roof_tile_2x2.fpe
entitybank\cyberpunk streets booster pack\buildings\cs_roof_tile_4x4.dbo
entitybank\cyberpunk streets booster pack\buildings\cs_roof_tile_4x4.fpe
entitybank\cyberpunk streets booster pack\buildings\cs_roof_tile.dbo
entitybank\cyberpunk streets booster pack\buildings\cs_roof_tile.fpe
entitybank\cyberpunk streets booster pack\buildings\cs_sound_wall_02.dbo
entitybank\cyberpunk streets booster pack\buildings\cs_sound_wall_02.fpe
entitybank\cyberpunk streets booster pack\buildings\cs_sound_wall_m_color.dds
entitybank\cyberpunk streets booster pack\buildings\cs_sound_wall_m_normal.dds
entitybank\cyberpunk streets booster pack\buildings\cs_sound_wall_m_surface.dds
entitybank\cyberpunk streets booster pack\buildings\cs_sound_wall.dbo
entitybank\cyberpunk streets booster pack\buildings\cs_sound_wall.fpe
entitybank\cyberpunk streets booster pack\buildings\cs_wall_01_entry_01_m_color.dds
entitybank\cyberpunk streets booster pack\buildings\cs_wall_01_entry_01_m_normal.dds
entitybank\cyberpunk streets booster pack\buildings\cs_wall_01_entry_01_m_surface.dds
entitybank\cyberpunk streets booster pack\buildings\cs_wall_01_entry_01.dbo
entitybank\cyberpunk streets booster pack\buildings\cs_wall_01_entry_01.fpe
entitybank\cyberpunk streets booster pack\buildings\cs_wall_01_entry_02_sdoor_m_color.dds
entitybank\cyberpunk streets booster pack\buildings\cs_wall_01_entry_02_sdoor_m_normal.dds
entitybank\cyberpunk streets booster pack\buildings\cs_wall_01_entry_02_sdoor_m_surface.dds
entitybank\cyberpunk streets booster pack\buildings\cs_wall_01_entry_02.dbo
entitybank\cyberpunk streets booster pack\buildings\cs_wall_01_entry_02.fpe
entitybank\cyberpunk streets booster pack\buildings\cs_wall_01_entry_03_m_color.dds
entitybank\cyberpunk streets booster pack\buildings\cs_wall_01_entry_03_m_normal.dds
entitybank\cyberpunk streets booster pack\buildings\cs_wall_01_entry_03_m_surface.dds
entitybank\cyberpunk streets booster pack\buildings\cs_wall_01_entry_03_sdoor_m_color.dds
entitybank\cyberpunk streets booster pack\buildings\cs_wall_01_entry_03_sdoor_m_normal.dds
entitybank\cyberpunk streets booster pack\buildings\cs_wall_01_entry_03_sdoor_m_surface.dds
entitybank\cyberpunk streets booster pack\buildings\cs_wall_01_entry_03.dbo
entitybank\cyberpunk streets booster pack\buildings\cs_wall_01_entry_03.fpe
entitybank\cyberpunk streets booster pack\buildings\cs_wall_01_entry_04_m_color.dds
entitybank\cyberpunk streets booster pack\buildings\cs_wall_01_entry_04_m_normal.dds
entitybank\cyberpunk streets booster pack\buildings\cs_wall_01_entry_04_m_surface.dds
entitybank\cyberpunk streets booster pack\buildings\cs_wall_01_entry_04.dbo
entitybank\cyberpunk streets booster pack\buildings\cs_wall_01_entry_04.fpe
entitybank\cyberpunk streets booster pack\buildings\cs_wall_01_m_color.dds
entitybank\cyberpunk streets booster pack\buildings\cs_wall_01_m_normal.dds
entitybank\cyberpunk streets booster pack\buildings\cs_wall_01_m_surface.dds
entitybank\cyberpunk streets booster pack\buildings\cs_wall_01_neondecor_01_bothends.dbo
entitybank\cyberpunk streets booster pack\buildings\cs_wall_01_neondecor_01_bothends.fpe
entitybank\cyberpunk streets booster pack\buildings\cs_wall_01_neondecor_01_corner_m_blue_color.dds
entitybank\cyberpunk streets booster pack\buildings\cs_wall_01_neondecor_01_corner_m_blue_emissive.png
entitybank\cyberpunk streets booster pack\buildings\cs_wall_01_neondecor_01_corner_m_color.dds
entitybank\cyberpunk streets booster pack\buildings\cs_wall_01_neondecor_01_corner_m_emissive.png
entitybank\cyberpunk streets booster pack\buildings\cs_wall_01_neondecor_01_corner_m_normal.dds
entitybank\cyberpunk streets booster pack\buildings\cs_wall_01_neondecor_01_corner_m_surface.dds
entitybank\cyberpunk streets booster pack\buildings\cs_wall_01_neondecor_01_corner.dbo
entitybank\cyberpunk streets booster pack\buildings\cs_wall_01_neondecor_01_corner.fpe
entitybank\cyberpunk streets booster pack\buildings\cs_wall_01_neondecor_01_endcap_m_blue_color.dds
entitybank\cyberpunk streets booster pack\buildings\cs_wall_01_neondecor_01_endcap_m_blue_emissive.png
entitybank\cyberpunk streets booster pack\buildings\cs_wall_01_neondecor_01_endcap_m_color.dds
entitybank\cyberpunk streets booster pack\buildings\cs_wall_01_neondecor_01_endcap_m_normal.dds
entitybank\cyberpunk streets booster pack\buildings\cs_wall_01_neondecor_01_endcap_m_surface.dds
entitybank\cyberpunk streets booster pack\buildings\cs_wall_01_neondecor_01_flip.dbo
entitybank\cyberpunk streets booster pack\buildings\cs_wall_01_neondecor_01_flip.fpe
entitybank\cyberpunk streets booster pack\buildings\cs_wall_01_neondecor_01_m_blue_color.dds
entitybank\cyberpunk streets booster pack\buildings\cs_wall_01_neondecor_01_m_blue_emissive.png
entitybank\cyberpunk streets booster pack\buildings\cs_wall_01_neondecor_01_m_color.dds
entitybank\cyberpunk streets booster pack\buildings\cs_wall_01_neondecor_01_m_emissive.png
entitybank\cyberpunk streets booster pack\buildings\cs_wall_01_neondecor_01_m_normal.dds
entitybank\cyberpunk streets booster pack\buildings\cs_wall_01_neondecor_01_m_surface.dds
entitybank\cyberpunk streets booster pack\buildings\cs_wall_01_neondecor_01_sign_02_color.png
entitybank\cyberpunk streets booster pack\buildings\cs_wall_01_neondecor_01_sign_02_computers.dbo
entitybank\cyberpunk streets booster pack\buildings\cs_wall_01_neondecor_01_sign_02_computers.fpe
entitybank\cyberpunk streets booster pack\buildings\cs_wall_01_neondecor_01_sign_02_surface.dds
entitybank\cyberpunk streets booster pack\buildings\cs_wall_01_neondecor_01_sign_02.dbo
entitybank\cyberpunk streets booster pack\buildings\cs_wall_01_neondecor_01_sign_02.fpe
entitybank\cyberpunk streets booster pack\buildings\cs_wall_01_neondecor_01_sign_m_color.dds
entitybank\cyberpunk streets booster pack\buildings\cs_wall_01_neondecor_01_sign_m_normal.dds
entitybank\cyberpunk streets booster pack\buildings\cs_wall_01_neondecor_01_sign_m_surface.dds
entitybank\cyberpunk streets booster pack\buildings\cs_wall_01_neondecor_01_sign.dbo
entitybank\cyberpunk streets booster pack\buildings\cs_wall_01_neondecor_01_sign.fpe
entitybank\cyberpunk streets booster pack\buildings\cs_wall_01_neondecor_blue_bothends.dbo
entitybank\cyberpunk streets booster pack\buildings\cs_wall_01_neondecor_blue_bothends.fpe
entitybank\cyberpunk streets booster pack\buildings\cs_wall_01_neondecor_blue_corner.dbo
entitybank\cyberpunk streets booster pack\buildings\cs_wall_01_neondecor_blue_corner.fpe
entitybank\cyberpunk streets booster pack\buildings\cs_wall_01_neondecor_blue_endcap_flip.dbo
entitybank\cyberpunk streets booster pack\buildings\cs_wall_01_neondecor_blue_endcap_flip.fpe
entitybank\cyberpunk streets booster pack\buildings\cs_wall_01_neondecor_blue_endcap.dbo
entitybank\cyberpunk streets booster pack\buildings\cs_wall_01_neondecor_blue_endcap.fpe
entitybank\cyberpunk streets booster pack\buildings\cs_wall_01_neondecor_blue_flip.dbo
entitybank\cyberpunk streets booster pack\buildings\cs_wall_01_neondecor_blue_flip.fpe
entitybank\cyberpunk streets booster pack\buildings\cs_wall_01_neondecor_blue.dbo
entitybank\cyberpunk streets booster pack\buildings\cs_wall_01_neondecor_blue.fpe
entitybank\cyberpunk streets booster pack\buildings\cs_wall_01_overhang_corner_m_color.dds
entitybank\cyberpunk streets booster pack\buildings\cs_wall_01_overhang_corner_m_normal.dds
entitybank\cyberpunk streets booster pack\buildings\cs_wall_01_overhang_corner_m_surface.dds
entitybank\cyberpunk streets booster pack\buildings\cs_wall_01_overhang_corner.dbo
entitybank\cyberpunk streets booster pack\buildings\cs_wall_01_overhang_corner.fpe
entitybank\cyberpunk streets booster pack\buildings\cs_wall_01_overhang_m_color.dds
entitybank\cyberpunk streets booster pack\buildings\cs_wall_01_overhang_m_normal.dds
entitybank\cyberpunk streets booster pack\buildings\cs_wall_01_overhang_m_surface.dds
entitybank\cyberpunk streets booster pack\buildings\cs_wall_01_overhang.dbo
entitybank\cyberpunk streets booster pack\buildings\cs_wall_01_overhang.fpe
entitybank\cyberpunk streets booster pack\buildings\cs_wall_01_window_bars_m_color.dds
entitybank\cyberpunk streets booster pack\buildings\cs_wall_01_window_bars_m_normal.dds
entitybank\cyberpunk streets booster pack\buildings\cs_wall_01_window_bars_m_surface.dds
entitybank\cyberpunk streets booster pack\buildings\cs_wall_01_window_m_color.dds
entitybank\cyberpunk streets booster pack\buildings\cs_wall_01_window_m_normal.dds
entitybank\cyberpunk streets booster pack\buildings\cs_wall_01_window_m_surface.dds
entitybank\cyberpunk streets booster pack\buildings\cs_wall_01_window.dbo
entitybank\cyberpunk streets booster pack\buildings\cs_wall_01_window.fpe
entitybank\cyberpunk streets booster pack\buildings\cs_wall_01.dbo
entitybank\cyberpunk streets booster pack\buildings\cs_wall_01.fpe
entitybank\cyberpunk streets booster pack\buildings\cs_wall_02_corner_m_color.dds
entitybank\cyberpunk streets booster pack\buildings\cs_wall_02_corner_m_normal.dds
entitybank\cyberpunk streets booster pack\buildings\cs_wall_02_corner_m_surface.dds
entitybank\cyberpunk streets booster pack\buildings\cs_wall_02_corner.dbo
entitybank\cyberpunk streets booster pack\buildings\cs_wall_02_corner.fpe
entitybank\cyberpunk streets booster pack\buildings\cs_wall_02_m_color.dds
entitybank\cyberpunk streets booster pack\buildings\cs_wall_02_m_normal.dds
entitybank\cyberpunk streets booster pack\buildings\cs_wall_02_m_surface.dds
entitybank\cyberpunk streets booster pack\buildings\cs_wall_02.dbo
entitybank\cyberpunk streets booster pack\buildings\cs_wall_02.fpe
entitybank\cyberpunk streets booster pack\buildings\cs_wall_02a_corner_m_color.dds
entitybank\cyberpunk streets booster pack\buildings\cs_wall_02a_corner_m_normal.dds
entitybank\cyberpunk streets booster pack\buildings\cs_wall_02a_corner_m_surface.dds
entitybank\cyberpunk streets booster pack\buildings\cs_wall_02a_corner.dbo
entitybank\cyberpunk streets booster pack\buildings\cs_wall_02a_corner.fpe
entitybank\cyberpunk streets booster pack\buildings\cs_wall_02a_m_color.dds
entitybank\cyberpunk streets booster pack\buildings\cs_wall_02a_m_normal.dds
entitybank\cyberpunk streets booster pack\buildings\cs_wall_02a_m_surface.dds
entitybank\cyberpunk streets booster pack\buildings\cs_wall_02a.dbo
entitybank\cyberpunk streets booster pack\buildings\cs_wall_02a.fpe
entitybank\cyberpunk streets booster pack\buildings\cs_wall_corner_01_m_color.dds
entitybank\cyberpunk streets booster pack\buildings\cs_wall_corner_01_m_normal.dds
entitybank\cyberpunk streets booster pack\buildings\cs_wall_corner_01_m_surface.dds
entitybank\cyberpunk streets booster pack\buildings\cs_wall_corner_01.dbo
entitybank\cyberpunk streets booster pack\buildings\cs_wall_corner_01.fpe
entitybank\cyberpunk streets booster pack\buildings\cs_wall_door_01_m_color.dds
entitybank\cyberpunk streets booster pack\buildings\cs_wall_door_01_m_normal.dds
entitybank\cyberpunk streets booster pack\buildings\cs_wall_door_01_m_surface.dds
entitybank\cyberpunk streets booster pack\buildings\cs_wall_door_01.dbo
entitybank\cyberpunk streets booster pack\buildings\cs_wall_door_01.fpe
entitybank\cyberpunk streets booster pack\buildings\cs_wall_inner_corner_01_m_color.dds
entitybank\cyberpunk streets booster pack\buildings\cs_wall_inner_corner_01_m_normal.dds
entitybank\cyberpunk streets booster pack\buildings\cs_wall_inner_corner_01_m_surface.dds
entitybank\cyberpunk streets booster pack\buildings\cs_wall_inner_corner_01.dbo
entitybank\cyberpunk streets booster pack\buildings\cs_wall_inner_corner_01.fpe
entitybank\cyberpunk streets booster pack\buildings\cs_walls_01_window_with_bars.dbo
entitybank\cyberpunk streets booster pack\buildings\cs_walls_01_window_with_bars.fpe
entitybank\cyberpunk streets booster pack\misc\building misc\cs_aircon_01_m_color.dds
entitybank\cyberpunk streets booster pack\misc\building misc\cs_aircon_01_m_normal.dds
entitybank\cyberpunk streets booster pack\misc\building misc\cs_aircon_01_m_surface.dds
entitybank\cyberpunk streets booster pack\misc\building misc\cs_aircon_01_stand_m_color.dds
entitybank\cyberpunk streets booster pack\misc\building misc\cs_aircon_01_stand_m_normal.dds
entitybank\cyberpunk streets booster pack\misc\building misc\cs_aircon_01_stand_m_surface.dds
entitybank\cyberpunk streets booster pack\misc\building misc\cs_aircon_01_stand.dbo
entitybank\cyberpunk streets booster pack\misc\building misc\cs_aircon_01_stand.fpe
entitybank\cyberpunk streets booster pack\misc\building misc\cs_aircon_01.dbo
entitybank\cyberpunk streets booster pack\misc\building misc\cs_aircon_01.fpe
entitybank\cyberpunk streets booster pack\misc\building misc\cs_fireescape_01_m_color.dds
entitybank\cyberpunk streets booster pack\misc\building misc\cs_fireescape_01_m_normal.dds
entitybank\cyberpunk streets booster pack\misc\building misc\cs_fireescape_01_m_surface.dds
entitybank\cyberpunk streets booster pack\misc\building misc\cs_fireescape_01.dbo
entitybank\cyberpunk streets booster pack\misc\building misc\cs_fireescape_01.fpe
entitybank\cyberpunk streets booster pack\misc\building misc\cs_fireescape_02_m_color.dds
entitybank\cyberpunk streets booster pack\misc\building misc\cs_fireescape_02_m_normal.dds
entitybank\cyberpunk streets booster pack\misc\building misc\cs_fireescape_02_m_surface.dds
entitybank\cyberpunk streets booster pack\misc\building misc\cs_fireescape_02.dbo
entitybank\cyberpunk streets booster pack\misc\building misc\cs_fireescape_02.fpe
entitybank\cyberpunk streets booster pack\misc\building misc\cs_fireescape_ladder_m_color.dds
entitybank\cyberpunk streets booster pack\misc\building misc\cs_fireescape_ladder_m_normal.dds
entitybank\cyberpunk streets booster pack\misc\building misc\cs_fireescape_ladder_m_surface.dds
entitybank\cyberpunk streets booster pack\misc\building misc\cs_fireescape_ladder.dbo
entitybank\cyberpunk streets booster pack\misc\building misc\cs_fireescape_ladder.fpe
entitybank\cyberpunk streets booster pack\misc\building misc\cs_graffiti_01.dbo
entitybank\cyberpunk streets booster pack\misc\building misc\cs_graffiti_01.fpe
entitybank\cyberpunk streets booster pack\misc\building misc\cs_graffiti_02.dbo
entitybank\cyberpunk streets booster pack\misc\building misc\cs_graffiti_02.fpe
entitybank\cyberpunk streets booster pack\misc\building misc\cs_graffiti_03.dbo
entitybank\cyberpunk streets booster pack\misc\building misc\cs_graffiti_03.fpe
entitybank\cyberpunk streets booster pack\misc\building misc\cs_graffiti_04.dbo
entitybank\cyberpunk streets booster pack\misc\building misc\cs_graffiti_04.fpe
entitybank\cyberpunk streets booster pack\misc\building misc\cs_graffiti_05.dbo
entitybank\cyberpunk streets booster pack\misc\building misc\cs_graffiti_05.fpe
entitybank\cyberpunk streets booster pack\misc\building misc\cs_neon_01_color.png
entitybank\cyberpunk streets booster pack\misc\building misc\cs_neon_01_surface.dds
entitybank\cyberpunk streets booster pack\misc\building misc\cs_neon_01.dbo
entitybank\cyberpunk streets booster pack\misc\building misc\cs_neon_01.fpe
entitybank\cyberpunk streets booster pack\misc\building misc\cs_neon_02_color.png
entitybank\cyberpunk streets booster pack\misc\building misc\cs_neon_02_surface.dds
entitybank\cyberpunk streets booster pack\misc\building misc\cs_neon_02.dbo
entitybank\cyberpunk streets booster pack\misc\building misc\cs_neon_02.fpe
entitybank\cyberpunk streets booster pack\misc\building misc\cs_neon_03_color.png
entitybank\cyberpunk streets booster pack\misc\building misc\cs_neon_03_surface.dds
entitybank\cyberpunk streets booster pack\misc\building misc\cs_neon_03.dbo
entitybank\cyberpunk streets booster pack\misc\building misc\cs_neon_03.fpe
entitybank\cyberpunk streets booster pack\misc\building misc\cs_neon_04_color.png
entitybank\cyberpunk streets booster pack\misc\building misc\cs_neon_04_surface.dds
entitybank\cyberpunk streets booster pack\misc\building misc\cs_neon_04.dbo
entitybank\cyberpunk streets booster pack\misc\building misc\cs_neon_04.fpe
entitybank\cyberpunk streets booster pack\misc\building misc\cs_neon_05_color.png
entitybank\cyberpunk streets booster pack\misc\building misc\cs_neon_05_surface.dds
entitybank\cyberpunk streets booster pack\misc\building misc\cs_neon_05.dbo
entitybank\cyberpunk streets booster pack\misc\building misc\cs_neon_05.fpe
entitybank\cyberpunk streets booster pack\misc\building misc\cs_window_unit_01_m_color.dds
entitybank\cyberpunk streets booster pack\misc\building misc\cs_window_unit_01_m_normal.dds
entitybank\cyberpunk streets booster pack\misc\building misc\cs_window_unit_01_m_surface.dds
entitybank\cyberpunk streets booster pack\misc\building misc\cs_window_unit_01.dbo
entitybank\cyberpunk streets booster pack\misc\building misc\cs_window_unit_01.fpe
entitybank\cyberpunk streets booster pack\misc\building misc\graffiti_01.png
entitybank\cyberpunk streets booster pack\misc\building misc\graffiti_02.png
entitybank\cyberpunk streets booster pack\misc\building misc\graffiti_03.png
entitybank\cyberpunk streets booster pack\misc\building misc\graffiti_04.png
entitybank\cyberpunk streets booster pack\misc\building misc\graffiti_05.png
entitybank\cyberpunk streets booster pack\misc\debris\cs_bottle_01_crushed.dbo
entitybank\cyberpunk streets booster pack\misc\debris\cs_bottle_01_crushed.fpe
entitybank\cyberpunk streets booster pack\misc\debris\cs_bottle_01_m_color.dds
entitybank\cyberpunk streets booster pack\misc\debris\cs_bottle_01_m_normal.dds
entitybank\cyberpunk streets booster pack\misc\debris\cs_bottle_01_m_surface.dds
entitybank\cyberpunk streets booster pack\misc\debris\cs_bottle_01_plastic_m_color.dds
entitybank\cyberpunk streets booster pack\misc\debris\cs_bottle_01_plastic_m_surface.dds
entitybank\cyberpunk streets booster pack\misc\debris\cs_bottle_can_cluster_01.dbo
entitybank\cyberpunk streets booster pack\misc\debris\cs_bottle_can_cluster_01.fpe
entitybank\cyberpunk streets booster pack\misc\debris\cs_box_01_m_color.dds
entitybank\cyberpunk streets booster pack\misc\debris\cs_box_01_m_normal.dds
entitybank\cyberpunk streets booster pack\misc\debris\cs_box_01_m_surface.dds
entitybank\cyberpunk streets booster pack\misc\debris\cs_box_01.dbo
entitybank\cyberpunk streets booster pack\misc\debris\cs_box_01.fpe
entitybank\cyberpunk streets booster pack\misc\debris\cs_box_02_m_color.dds
entitybank\cyberpunk streets booster pack\misc\debris\cs_box_02_m_normal.dds
entitybank\cyberpunk streets booster pack\misc\debris\cs_box_02_m_surface.dds
entitybank\cyberpunk streets booster pack\misc\debris\cs_box_02.dbo
entitybank\cyberpunk streets booster pack\misc\debris\cs_box_02.fpe
entitybank\cyberpunk streets booster pack\misc\debris\cs_can_01_dented.dbo
entitybank\cyberpunk streets booster pack\misc\debris\cs_can_01_dented.fpe
entitybank\cyberpunk streets booster pack\misc\debris\cs_can_01_m_color.dds
entitybank\cyberpunk streets booster pack\misc\debris\cs_can_01_m_normal.dds
entitybank\cyberpunk streets booster pack\misc\debris\cs_can_01_m_surface.dds
entitybank\cyberpunk streets booster pack\misc\debris\cs_can_01.dbo
entitybank\cyberpunk streets booster pack\misc\debris\cs_can_01.fpe
entitybank\cyberpunk streets booster pack\misc\debris\cs_can_02_dented.dbo
entitybank\cyberpunk streets booster pack\misc\debris\cs_can_02_dented.fpe
entitybank\cyberpunk streets booster pack\misc\debris\cs_can_02_m_color.dds
entitybank\cyberpunk streets booster pack\misc\debris\cs_can_02_m_normal.dds
entitybank\cyberpunk streets booster pack\misc\debris\cs_can_02_m_surface.dds
entitybank\cyberpunk streets booster pack\misc\debris\cs_can_03_dented.dbo
entitybank\cyberpunk streets booster pack\misc\debris\cs_can_03_dented.fpe
entitybank\cyberpunk streets booster pack\misc\debris\cs_can_03_m_color.dds
entitybank\cyberpunk streets booster pack\misc\debris\cs_can_03.dbo
entitybank\cyberpunk streets booster pack\misc\debris\cs_can_03.fpe
entitybank\cyberpunk streets booster pack\misc\debris\cs_can_cluster_01.dbo
entitybank\cyberpunk streets booster pack\misc\debris\cs_can_cluster_01.fpe
entitybank\cyberpunk streets booster pack\misc\debris\cs_cardboard_01_m_color.dds
entitybank\cyberpunk streets booster pack\misc\debris\cs_cardboard_01_m_normal.dds
entitybank\cyberpunk streets booster pack\misc\debris\cs_cardboard_01_m_surface.dds
entitybank\cyberpunk streets booster pack\misc\debris\cs_cardboard.dbo
entitybank\cyberpunk streets booster pack\misc\debris\cs_cardboard.fpe
entitybank\cyberpunk streets booster pack\misc\debris\cs_newspaper_01_color.dds
entitybank\cyberpunk streets booster pack\misc\debris\cs_newspaper_01_surface.dds
entitybank\cyberpunk streets booster pack\misc\debris\cs_newspaper_01.dbo
entitybank\cyberpunk streets booster pack\misc\debris\cs_newspaper_01.fpe
entitybank\cyberpunk streets booster pack\misc\debris\cs_newspaper_02_color.dds
entitybank\cyberpunk streets booster pack\misc\debris\cs_newspaper_02_surface.dds
entitybank\cyberpunk streets booster pack\misc\debris\cs_newspaper_02.dbo
entitybank\cyberpunk streets booster pack\misc\debris\cs_newspaper_02.fpe
entitybank\cyberpunk streets booster pack\misc\debris\cs_newspaper_cluster_02_color.dds
entitybank\cyberpunk streets booster pack\misc\debris\cs_newspaper_cluster_02.dbo
entitybank\cyberpunk streets booster pack\misc\debris\cs_newspaper_cluster_02.fpe
entitybank\cyberpunk streets booster pack\misc\debris\cs_newspaper_cluster_03_color.dds
entitybank\cyberpunk streets booster pack\misc\debris\cs_newspaper_cluster_03.dbo
entitybank\cyberpunk streets booster pack\misc\debris\cs_newspaper_cluster_03.fpe
entitybank\cyberpunk streets booster pack\misc\debris\cs_newspaper_cluster_color.dds
entitybank\cyberpunk streets booster pack\misc\debris\cs_newspaper_cluster_surface.dds
entitybank\cyberpunk streets booster pack\misc\debris\cs_newspaper_cluster.dbo
entitybank\cyberpunk streets booster pack\misc\debris\cs_newspaper_cluster.fpe
entitybank\cyberpunk streets booster pack\misc\debris\cs_tin_can_02_crushed.dbo
entitybank\cyberpunk streets booster pack\misc\debris\cs_tin_can_02_crushed.fpe
entitybank\cyberpunk streets booster pack\misc\debris\cs_tin_can_02_m_color.dds
entitybank\cyberpunk streets booster pack\misc\debris\cs_tin_can_02_m_normal.dds
entitybank\cyberpunk streets booster pack\misc\debris\cs_tin_can_02_m_surface.dds
entitybank\cyberpunk streets booster pack\misc\debris\cs_tin_can_02.dbo
entitybank\cyberpunk streets booster pack\misc\debris\cs_tin_can_02.fpe
entitybank\cyberpunk streets booster pack\misc\general misc\cs_atm_color.png
entitybank\cyberpunk streets booster pack\misc\general misc\cs_atm_m_color.dds
entitybank\cyberpunk streets booster pack\misc\general misc\cs_atm_m_emissive.png
entitybank\cyberpunk streets booster pack\misc\general misc\cs_atm_m_normal.dds
entitybank\cyberpunk streets booster pack\misc\general misc\cs_atm_m_surface.dds
entitybank\cyberpunk streets booster pack\misc\general misc\cs_atm_screen.dbo
entitybank\cyberpunk streets booster pack\misc\general misc\cs_atm_screen.fpe
entitybank\cyberpunk streets booster pack\misc\general misc\cs_atm_surface.dds
entitybank\cyberpunk streets booster pack\misc\general misc\cs_atm.dbo
entitybank\cyberpunk streets booster pack\misc\general misc\cs_atm.fpe
entitybank\cyberpunk streets booster pack\misc\general misc\cs_bus_stop_m_color.dds
entitybank\cyberpunk streets booster pack\misc\general misc\cs_bus_stop_m_normal.dds
entitybank\cyberpunk streets booster pack\misc\general misc\cs_bus_stop_m_surface.dds
entitybank\cyberpunk streets booster pack\misc\general misc\cs_bus_stop_neon_sign_color.png
entitybank\cyberpunk streets booster pack\misc\general misc\cs_bus_stop_neon_sign_surface.dds
entitybank\cyberpunk streets booster pack\misc\general misc\cs_bus_stop_neon_sign.dbo
entitybank\cyberpunk streets booster pack\misc\general misc\cs_bus_stop_neon_sign.fpe
entitybank\cyberpunk streets booster pack\misc\general misc\cs_bus_stop.dbo
entitybank\cyberpunk streets booster pack\misc\general misc\cs_bus_stop.fpe
entitybank\cyberpunk streets booster pack\misc\general misc\cs_dumpster_closed.dbo
entitybank\cyberpunk streets booster pack\misc\general misc\cs_dumpster_closed.fpe
entitybank\cyberpunk streets booster pack\misc\general misc\cs_dumpster_m_color.dds
entitybank\cyberpunk streets booster pack\misc\general misc\cs_dumpster_m_normal.dds
entitybank\cyberpunk streets booster pack\misc\general misc\cs_dumpster_m_surface.dds
entitybank\Cyberpunk Streets Booster Pack\Misc\General Misc\CS_Trash_Can_M_Color.dds
entitybank\Cyberpunk Streets Booster Pack\Misc\General Misc\CS_Trash_Can_M_normal.dds
entitybank\cyberpunk streets booster pack\misc\general misc\cs_trash_can_m_surface.dds
entitybank\Cyberpunk Streets Booster Pack\Misc\General Misc\CS_Trash_Can.dbo
entitybank\cyberpunk streets booster pack\misc\general misc\cs_trash_can.fpe
entitybank\cyberpunk streets booster pack\misc\general misc\cs_trashbag_01_m_color.dds
entitybank\cyberpunk streets booster pack\misc\general misc\cs_trashbag_01_m_normal.dds
entitybank\cyberpunk streets booster pack\misc\general misc\cs_trashbag_01_m_surface.dds
entitybank\cyberpunk streets booster pack\misc\general misc\cs_trashbag_01.dbo
entitybank\cyberpunk streets booster pack\misc\general misc\cs_trashbag_01.fpe
entitybank\cyberpunk streets booster pack\misc\general misc\cs_trashbag_02.dbo
entitybank\cyberpunk streets booster pack\misc\general misc\cs_trashbag_02.fpe
entitybank\cyberpunk streets booster pack\misc\general misc\cs_trashbag_03.dbo
entitybank\cyberpunk streets booster pack\misc\general misc\cs_trashbag_03.fpe
entitybank\cyberpunk streets booster pack\misc\sidewalk misc\cs_bench_m_color.dds
entitybank\Cyberpunk Streets Booster Pack\Misc\Sidewalk Misc\CS_Bench_M_normal.dds
entitybank\Cyberpunk Streets Booster Pack\Misc\Sidewalk Misc\CS_Bench_M_surface.dds
entitybank\cyberpunk streets booster pack\misc\sidewalk misc\cs_bench.dbo
entitybank\cyberpunk streets booster pack\misc\sidewalk misc\cs_bench.fpe
entitybank\cyberpunk streets booster pack\misc\sidewalk misc\cs_fireplug_m_color.dds
entitybank\cyberpunk streets booster pack\misc\sidewalk misc\cs_fireplug_m_normal.dds
entitybank\cyberpunk streets booster pack\misc\sidewalk misc\cs_fireplug_m_surface.dds
entitybank\cyberpunk streets booster pack\misc\sidewalk misc\cs_fireplug.dbo
entitybank\cyberpunk streets booster pack\misc\sidewalk misc\cs_fireplug.fpe
entitybank\cyberpunk streets booster pack\misc\sidewalk misc\cs_neon_06_color.png
entitybank\cyberpunk streets booster pack\misc\sidewalk misc\cs_neon_06_surface.dds
entitybank\cyberpunk streets booster pack\misc\sidewalk misc\cs_neon_06.dbo
entitybank\cyberpunk streets booster pack\misc\sidewalk misc\cs_neon_06.fpe
entitybank\cyberpunk streets booster pack\misc\sidewalk misc\cs_neon_07_color.png
entitybank\cyberpunk streets booster pack\misc\sidewalk misc\cs_neon_07_surface.dds
entitybank\cyberpunk streets booster pack\misc\sidewalk misc\cs_neon_07.dbo
entitybank\cyberpunk streets booster pack\misc\sidewalk misc\cs_neon_07.fpe
entitybank\cyberpunk streets booster pack\misc\sidewalk misc\cs_neon_emitter_m_color.dds
entitybank\cyberpunk streets booster pack\misc\sidewalk misc\cs_neon_emitter_m_emissive.png
entitybank\cyberpunk streets booster pack\misc\sidewalk misc\cs_neon_emitter_m_normal.dds
entitybank\cyberpunk streets booster pack\misc\sidewalk misc\cs_neon_emitter_m_surface.dds
entitybank\cyberpunk streets booster pack\misc\sidewalk misc\cs_neon_emitter.dbo
entitybank\cyberpunk streets booster pack\misc\sidewalk misc\cs_neon_emitter.fpe
entitybank\cyberpunk streets booster pack\misc\sidewalk misc\cs_planter_01_m_color.dds
entitybank\cyberpunk streets booster pack\misc\sidewalk misc\cs_planter_01_m_normal.dds
entitybank\cyberpunk streets booster pack\misc\sidewalk misc\cs_planter_01_m_surface.dds
entitybank\cyberpunk streets booster pack\misc\sidewalk misc\cs_planter_01.dbo
entitybank\cyberpunk streets booster pack\misc\sidewalk misc\cs_planter_01.fpe
entitybank\cyberpunk streets booster pack\misc\sidewalk misc\cs_sidewalk_guard_m_color.dds
entitybank\cyberpunk streets booster pack\misc\sidewalk misc\cs_sidewalk_guard_m_normal.dds
entitybank\cyberpunk streets booster pack\misc\sidewalk misc\cs_sidewalk_guard_m_surface.dds
entitybank\cyberpunk streets booster pack\misc\sidewalk misc\cs_sidewalk_guard.dbo
entitybank\cyberpunk streets booster pack\misc\sidewalk misc\cs_sidewalk_guard.fpe
entitybank\cyberpunk streets booster pack\misc\sidewalk misc\cs_sidewalk_light_m_color.dds
entitybank\cyberpunk streets booster pack\misc\sidewalk misc\cs_sidewalk_light_m_emissive.dds
entitybank\cyberpunk streets booster pack\misc\sidewalk misc\cs_sidewalk_light_m_normal.dds
entitybank\cyberpunk streets booster pack\misc\sidewalk misc\cs_sidewalk_light_m_surface.dds
entitybank\cyberpunk streets booster pack\misc\sidewalk misc\cs_sidewalk_light.dbo
entitybank\cyberpunk streets booster pack\misc\sidewalk misc\cs_sidewalk_light.fpe
entitybank\cyberpunk streets booster pack\misc\sidewalk misc\cs_sidewalk_planter_m_color.dds
entitybank\cyberpunk streets booster pack\misc\sidewalk misc\cs_sidewalk_planter_m_normal.dds
entitybank\cyberpunk streets booster pack\misc\sidewalk misc\cs_sidewalk_planter_m_surface.dds
entitybank\cyberpunk streets booster pack\misc\sidewalk misc\cs_sidewalk_planter.dbo
entitybank\cyberpunk streets booster pack\misc\sidewalk misc\cs_sidewalk_planter.fpe
entitybank\cyberpunk streets booster pack\misc\sidewalk misc\cs_street_electrical_pole_01_wire.dbo
entitybank\cyberpunk streets booster pack\misc\sidewalk misc\cs_street_electrical_pole_01_wire.fpe
entitybank\cyberpunk streets booster pack\misc\sidewalk misc\cs_street_electrical_pole_01.dbo
entitybank\cyberpunk streets booster pack\misc\sidewalk misc\cs_street_electrical_pole_01.fpe
entitybank\cyberpunk streets booster pack\misc\sidewalk misc\cs_street_electricalpole_01_m_color.dds
entitybank\cyberpunk streets booster pack\misc\sidewalk misc\cs_street_electricalpole_01_m_normal.dds
entitybank\cyberpunk streets booster pack\misc\sidewalk misc\cs_street_electricalpole_01_m_surface.dds
entitybank\cyberpunk streets booster pack\misc\sidewalk misc\cs_street_electricalpole_01_wire_m_color.dds
entitybank\cyberpunk streets booster pack\misc\sidewalk misc\cs_street_electricalpole_01_wire_m_normal.dds
entitybank\cyberpunk streets booster pack\misc\sidewalk misc\cs_street_electricalpole_01_wire_m_surface.dds
entitybank\cyberpunk streets booster pack\misc\sidewalk misc\cs_street_lamp_m_color.dds
entitybank\cyberpunk streets booster pack\misc\sidewalk misc\cs_street_lamp_m_emissive.png
entitybank\cyberpunk streets booster pack\misc\sidewalk misc\cs_street_lamp_m_normal.dds
entitybank\cyberpunk streets booster pack\misc\sidewalk misc\cs_street_lamp_m_surface.dds
entitybank\cyberpunk streets booster pack\misc\sidewalk misc\cs_street_lamp.dbo
entitybank\cyberpunk streets booster pack\misc\sidewalk misc\cs_street_lamp.fpe
entitybank\cyberpunk streets booster pack\misc\street misc\cs_stop_light_lights.dbo
entitybank\cyberpunk streets booster pack\misc\street misc\cs_stop_light_lights.fpe
entitybank\Cyberpunk Streets Booster Pack\Misc\Street Misc\CS_Stop_Light_M_Color.dds
entitybank\Cyberpunk Streets Booster Pack\Misc\Street Misc\CS_Stop_Light_M_emissive.png
entitybank\cyberpunk streets booster pack\misc\street misc\cs_stop_light_m_normal.dds
entitybank\Cyberpunk Streets Booster Pack\Misc\Street Misc\CS_Stop_Light_M_surface.dds
entitybank\cyberpunk streets booster pack\misc\street misc\cs_stop_light_pole_m_color.dds
entitybank\cyberpunk streets booster pack\misc\street misc\cs_stop_light_pole_m_normal.dds
entitybank\Cyberpunk Streets Booster Pack\Misc\Street Misc\CS_Stop_Light_Pole_M_surface.dds
entitybank\Cyberpunk Streets Booster Pack\Misc\Street Misc\CS_Stop_Light.dbo
entitybank\Cyberpunk Streets Booster Pack\Misc\Street Misc\CS_Stop_Light.fpe
entitybank\cyberpunk streets booster pack\misc\street misc\cs_street_divider_1_m_color.dds
entitybank\cyberpunk streets booster pack\misc\street misc\cs_street_divider_1_m_normal.dds
entitybank\cyberpunk streets booster pack\misc\street misc\cs_street_divider_1_m_surface.dds
entitybank\cyberpunk streets booster pack\misc\street misc\cs_street_divider_1.dbo
entitybank\cyberpunk streets booster pack\misc\street misc\cs_street_divider_1.fpe
entitybank\cyberpunk streets booster pack\misc\street misc\cs_street_divider_2_m_color.dds
entitybank\cyberpunk streets booster pack\misc\street misc\cs_street_divider_2_m_normal.dds
entitybank\cyberpunk streets booster pack\misc\street misc\cs_street_divider_2_m_surface.dds
entitybank\cyberpunk streets booster pack\misc\street misc\cs_street_divider_2.dbo
entitybank\cyberpunk streets booster pack\misc\street misc\cs_street_divider_2.fpe
entitybank\cyberpunk streets booster pack\misc\street misc\cs_street_divider_3_m_color.dds
entitybank\cyberpunk streets booster pack\misc\street misc\cs_street_divider_3_m_normal.dds
entitybank\cyberpunk streets booster pack\misc\street misc\cs_street_divider_3_m_surface.dds
entitybank\cyberpunk streets booster pack\misc\street misc\cs_street_divider_3.dbo
entitybank\cyberpunk streets booster pack\misc\street misc\cs_street_divider_3.fpe
entitybank\cyberpunk streets booster pack\store fronts\cs_store_02_neon_color.png
entitybank\cyberpunk streets booster pack\store fronts\cs_store_02_neon_surface.dds
entitybank\cyberpunk streets booster pack\store fronts\cs_store_front_01_blue_m_color.dds
entitybank\cyberpunk streets booster pack\store fronts\cs_store_front_01_blue.dbo
entitybank\cyberpunk streets booster pack\store fronts\cs_store_front_01_blue.fpe
entitybank\cyberpunk streets booster pack\store fronts\cs_store_front_01_end1_blue_m_color.dds
entitybank\cyberpunk streets booster pack\store fronts\cs_store_front_01_end1_blue.dbo
entitybank\cyberpunk streets booster pack\store fronts\cs_store_front_01_end1_blue.fpe
entitybank\cyberpunk streets booster pack\store fronts\cs_store_front_01_end1_m_color.dds
entitybank\cyberpunk streets booster pack\store fronts\cs_store_front_01_end1_m_emissive.png
entitybank\cyberpunk streets booster pack\store fronts\cs_store_front_01_end1_m_normal.dds
entitybank\cyberpunk streets booster pack\store fronts\cs_store_front_01_end1_m_surface.dds
entitybank\cyberpunk streets booster pack\store fronts\cs_store_front_01_end1.dbo
entitybank\cyberpunk streets booster pack\store fronts\cs_store_front_01_end1.fpe
entitybank\cyberpunk streets booster pack\store fronts\cs_store_front_01_end2_blue.dbo
entitybank\cyberpunk streets booster pack\store fronts\cs_store_front_01_end2_blue.fpe
entitybank\cyberpunk streets booster pack\store fronts\cs_store_front_01_end2.dbo
entitybank\cyberpunk streets booster pack\store fronts\cs_store_front_01_end2.fpe
entitybank\cyberpunk streets booster pack\store fronts\cs_store_front_01_entrance_blue_m_color.dds
entitybank\cyberpunk streets booster pack\store fronts\cs_store_front_01_entrance_blue.dbo
entitybank\cyberpunk streets booster pack\store fronts\cs_store_front_01_entrance_blue.fpe
entitybank\cyberpunk streets booster pack\store fronts\cs_store_front_01_entrance_m_color.dds
entitybank\cyberpunk streets booster pack\store fronts\cs_store_front_01_entrance_m_emissive.png
entitybank\cyberpunk streets booster pack\store fronts\cs_store_front_01_entrance_m_normal.dds
entitybank\cyberpunk streets booster pack\store fronts\cs_store_front_01_entrance_m_surface.dds
entitybank\cyberpunk streets booster pack\store fronts\cs_store_front_01_entrance.dbo
entitybank\cyberpunk streets booster pack\store fronts\cs_store_front_01_entrance.fpe
entitybank\cyberpunk streets booster pack\store fronts\cs_store_front_01_m_color.dds
entitybank\cyberpunk streets booster pack\store fronts\cs_store_front_01_m_emissive.png
entitybank\cyberpunk streets booster pack\store fronts\cs_store_front_01_m_normal.dds
entitybank\cyberpunk streets booster pack\store fronts\cs_store_front_01_m_surface.dds
entitybank\cyberpunk streets booster pack\store fronts\cs_store_front_01_sign_m_color.dds
entitybank\cyberpunk streets booster pack\store fronts\cs_store_front_01_sign_m_emissive.png
entitybank\cyberpunk streets booster pack\store fronts\cs_store_front_01_sign_m_normal.dds
entitybank\cyberpunk streets booster pack\store fronts\cs_store_front_01_sign_m_surface.dds
entitybank\cyberpunk streets booster pack\store fronts\cs_store_front_01_sign.dbo
entitybank\cyberpunk streets booster pack\store fronts\cs_store_front_01_sign.fpe
entitybank\cyberpunk streets booster pack\store fronts\cs_store_front_01.dbo
entitybank\cyberpunk streets booster pack\store fronts\cs_store_front_01.fpe
entitybank\cyberpunk streets booster pack\store fronts\cs_store_front_02_corner_m_color.dds
entitybank\cyberpunk streets booster pack\store fronts\cs_store_front_02_corner_m_normal.dds
entitybank\cyberpunk streets booster pack\store fronts\cs_store_front_02_corner_m_surface.dds
entitybank\cyberpunk streets booster pack\store fronts\cs_store_front_02_corner_neon_color.png
entitybank\cyberpunk streets booster pack\store fronts\cs_store_front_02_corner_neon_opposite.dbo
entitybank\cyberpunk streets booster pack\store fronts\cs_store_front_02_corner_neon_opposite.fpe
entitybank\cyberpunk streets booster pack\store fronts\cs_store_front_02_corner_neon_surface.dds
entitybank\cyberpunk streets booster pack\store fronts\cs_store_front_02_corner_neon.dbo
entitybank\cyberpunk streets booster pack\store fronts\cs_store_front_02_corner_neon.fpe
entitybank\cyberpunk streets booster pack\store fronts\cs_store_front_02_corner_window_m_color.dds
entitybank\cyberpunk streets booster pack\store fronts\cs_store_front_02_corner_window_m_normal.dds
entitybank\cyberpunk streets booster pack\store fronts\cs_store_front_02_corner_window_m_surface.dds
entitybank\cyberpunk streets booster pack\store fronts\cs_store_front_02_corner_with_window.dbo
entitybank\cyberpunk streets booster pack\store fronts\cs_store_front_02_corner_with_window.fpe
entitybank\cyberpunk streets booster pack\store fronts\cs_store_front_02_entrance_m_color.dds
entitybank\cyberpunk streets booster pack\store fronts\cs_store_front_02_entrance_m_normal.dds
entitybank\cyberpunk streets booster pack\store fronts\cs_store_front_02_entrance_m_surface.dds
entitybank\cyberpunk streets booster pack\store fronts\cs_store_front_02_entrance.dbo
entitybank\cyberpunk streets booster pack\store fronts\cs_store_front_02_entrance.fpe
entitybank\cyberpunk streets booster pack\store fronts\cs_store_front_02_m_color.dds
entitybank\cyberpunk streets booster pack\store fronts\cs_store_front_02_m_normal.dds
entitybank\cyberpunk streets booster pack\store fronts\cs_store_front_02_m_surface.dds
entitybank\cyberpunk streets booster pack\store fronts\cs_store_front_02_neon.dbo
entitybank\cyberpunk streets booster pack\store fronts\cs_store_front_02_neon.fpe
entitybank\cyberpunk streets booster pack\store fronts\cs_store_front_02_window_m_color.dds
entitybank\cyberpunk streets booster pack\store fronts\cs_store_front_02_window_m_normal.dds
entitybank\cyberpunk streets booster pack\store fronts\cs_store_front_02_window_m_surface.dds
entitybank\cyberpunk streets booster pack\store fronts\cs_store_front_02_with_window.dbo
entitybank\cyberpunk streets booster pack\store fronts\cs_store_front_02_with_window.fpe
entitybank\cyberpunk streets booster pack\streets and sidewalks\sidewalks\cs_large_curve_sidewalk_m_color.dds
entitybank\cyberpunk streets booster pack\streets and sidewalks\sidewalks\cs_large_curve_sidewalk_m_normal.dds
entitybank\cyberpunk streets booster pack\streets and sidewalks\sidewalks\cs_large_curve_sidewalk_m_surface.dds
entitybank\cyberpunk streets booster pack\streets and sidewalks\sidewalks\cs_large_curve_sidewalk.dbo
entitybank\cyberpunk streets booster pack\streets and sidewalks\sidewalks\cs_large_curve_sidewalk.fpe
entitybank\cyberpunk streets booster pack\streets and sidewalks\sidewalks\cs_overpass_01_emission_color.png
entitybank\cyberpunk streets booster pack\streets and sidewalks\sidewalks\cs_overpass_01_emission_surface.dds
entitybank\cyberpunk streets booster pack\streets and sidewalks\sidewalks\cs_overpass_01_emission.dbo
entitybank\cyberpunk streets booster pack\streets and sidewalks\sidewalks\cs_overpass_01_emission.fpe
entitybank\cyberpunk streets booster pack\streets and sidewalks\sidewalks\cs_overpass_01_emitter_m_color.dds
entitybank\cyberpunk streets booster pack\streets and sidewalks\sidewalks\cs_overpass_01_emitter_m_emissive.png
entitybank\cyberpunk streets booster pack\streets and sidewalks\sidewalks\cs_overpass_01_emitter_m_normal.dds
entitybank\cyberpunk streets booster pack\streets and sidewalks\sidewalks\cs_overpass_01_emitter_m_surface.dds
entitybank\cyberpunk streets booster pack\streets and sidewalks\sidewalks\cs_overpass_01_emitter.dbo
entitybank\cyberpunk streets booster pack\streets and sidewalks\sidewalks\cs_overpass_01_emitter.fpe
entitybank\cyberpunk streets booster pack\streets and sidewalks\sidewalks\cs_overpass_01_m_color.dds
entitybank\cyberpunk streets booster pack\streets and sidewalks\sidewalks\cs_overpass_01_m_normal.dds
entitybank\cyberpunk streets booster pack\streets and sidewalks\sidewalks\cs_overpass_01_m_surface.dds
entitybank\cyberpunk streets booster pack\streets and sidewalks\sidewalks\cs_overpass_01.dbo
entitybank\cyberpunk streets booster pack\streets and sidewalks\sidewalks\cs_overpass_01.fpe
entitybank\cyberpunk streets booster pack\streets and sidewalks\sidewalks\cs_sidewalk_corner1_dropcurb.dbo
entitybank\cyberpunk streets booster pack\streets and sidewalks\sidewalks\cs_sidewalk_corner1_dropcurb.fpe
entitybank\cyberpunk streets booster pack\streets and sidewalks\sidewalks\cs_sidewalk_corner1_m_color.dds
entitybank\cyberpunk streets booster pack\streets and sidewalks\sidewalks\cs_sidewalk_corner1_m_normal.dds
entitybank\cyberpunk streets booster pack\streets and sidewalks\sidewalks\cs_sidewalk_corner1_m_surface.dds
entitybank\cyberpunk streets booster pack\streets and sidewalks\sidewalks\cs_sidewalk_corner1.dbo
entitybank\cyberpunk streets booster pack\streets and sidewalks\sidewalks\cs_sidewalk_corner1.fpe
entitybank\cyberpunk streets booster pack\streets and sidewalks\sidewalks\cs_sidewalk_curve_large2_m_color.dds
entitybank\cyberpunk streets booster pack\streets and sidewalks\sidewalks\cs_sidewalk_curve_large2_m_normal.dds
entitybank\cyberpunk streets booster pack\streets and sidewalks\sidewalks\cs_sidewalk_curve_large2_m_surface.dds
entitybank\cyberpunk streets booster pack\streets and sidewalks\sidewalks\cs_sidewalk_curve_large2.dbo
entitybank\cyberpunk streets booster pack\streets and sidewalks\sidewalks\cs_sidewalk_curve_large2.fpe
entitybank\cyberpunk streets booster pack\streets and sidewalks\sidewalks\cs_sidewalk_curve_small_m_color.dds
entitybank\cyberpunk streets booster pack\streets and sidewalks\sidewalks\cs_sidewalk_curve_small_m_normal.dds
entitybank\cyberpunk streets booster pack\streets and sidewalks\sidewalks\cs_sidewalk_curve_small_m_surface.dds
entitybank\cyberpunk streets booster pack\streets and sidewalks\sidewalks\cs_sidewalk_curve_small.dbo
entitybank\cyberpunk streets booster pack\streets and sidewalks\sidewalks\cs_sidewalk_curve_small.fpe
entitybank\cyberpunk streets booster pack\streets and sidewalks\sidewalks\cs_sidewalk_straight_edge_half_m_color.dds
entitybank\cyberpunk streets booster pack\streets and sidewalks\sidewalks\cs_sidewalk_straight_edge_half_m_normal.dds
entitybank\cyberpunk streets booster pack\streets and sidewalks\sidewalks\cs_sidewalk_straight_edge_half_m_surface.dds
entitybank\cyberpunk streets booster pack\streets and sidewalks\sidewalks\cs_sidewalk_straight_edge_half.dbo
entitybank\cyberpunk streets booster pack\streets and sidewalks\sidewalks\cs_sidewalk_straight_edge_half.fpe
entitybank\cyberpunk streets booster pack\streets and sidewalks\sidewalks\cs_sidewalk_straight_edge_m_color.dds
entitybank\cyberpunk streets booster pack\streets and sidewalks\sidewalks\cs_sidewalk_straight_edge_m_normal.dds
entitybank\cyberpunk streets booster pack\streets and sidewalks\sidewalks\cs_sidewalk_straight_edge_m_surface.dds
entitybank\cyberpunk streets booster pack\streets and sidewalks\sidewalks\cs_sidewalk_straight_edge.dbo
entitybank\cyberpunk streets booster pack\streets and sidewalks\sidewalks\cs_sidewalk_straight_edge.fpe
entitybank\cyberpunk streets booster pack\streets and sidewalks\sidewalks\cs_sidewalk_tile_2x2.dbo
entitybank\cyberpunk streets booster pack\streets and sidewalks\sidewalks\cs_sidewalk_tile_2x2.fpe
entitybank\cyberpunk streets booster pack\streets and sidewalks\sidewalks\cs_sidewalk_tile_3x3.dbo
entitybank\cyberpunk streets booster pack\streets and sidewalks\sidewalks\cs_sidewalk_tile_3x3.fpe
entitybank\cyberpunk streets booster pack\streets and sidewalks\sidewalks\cs_sidewalk_tile_4x4.dbo
entitybank\cyberpunk streets booster pack\streets and sidewalks\sidewalks\cs_sidewalk_tile_4x4.fpe
entitybank\cyberpunk streets booster pack\streets and sidewalks\sidewalks\cs_sidewalk_tile_crack_02_m_normal.dds
entitybank\cyberpunk streets booster pack\streets and sidewalks\sidewalks\cs_sidewalk_tile_crack_03_m_normal.dds
entitybank\cyberpunk streets booster pack\streets and sidewalks\sidewalks\cs_sidewalk_tile_crack_04_m_normal.dds
entitybank\cyberpunk streets booster pack\streets and sidewalks\sidewalks\cs_sidewalk_tile_cracked_02.dbo
entitybank\cyberpunk streets booster pack\streets and sidewalks\sidewalks\cs_sidewalk_tile_cracked_02.fpe
entitybank\cyberpunk streets booster pack\streets and sidewalks\sidewalks\cs_sidewalk_tile_cracked_03.dbo
entitybank\cyberpunk streets booster pack\streets and sidewalks\sidewalks\cs_sidewalk_tile_cracked_03.fpe
entitybank\cyberpunk streets booster pack\streets and sidewalks\sidewalks\cs_sidewalk_tile_cracked_04.dbo
entitybank\cyberpunk streets booster pack\streets and sidewalks\sidewalks\cs_sidewalk_tile_cracked_04.fpe
entitybank\cyberpunk streets booster pack\streets and sidewalks\sidewalks\cs_sidewalk_tile_cracked_m_normal.dds
entitybank\cyberpunk streets booster pack\streets and sidewalks\sidewalks\cs_sidewalk_tile_cracked.dbo
entitybank\cyberpunk streets booster pack\streets and sidewalks\sidewalks\cs_sidewalk_tile_cracked.fpe
entitybank\cyberpunk streets booster pack\streets and sidewalks\sidewalks\cs_sidewalk_tile_curve_m_color.dds
entitybank\cyberpunk streets booster pack\streets and sidewalks\sidewalks\cs_sidewalk_tile_curve_m_normal.dds
entitybank\cyberpunk streets booster pack\streets and sidewalks\sidewalks\cs_sidewalk_tile_curve_m_surface.dds
entitybank\cyberpunk streets booster pack\streets and sidewalks\sidewalks\cs_sidewalk_tile_curve.dbo
entitybank\cyberpunk streets booster pack\streets and sidewalks\sidewalks\cs_sidewalk_tile_curve.fpe
entitybank\cyberpunk streets booster pack\streets and sidewalks\sidewalks\cs_sidewalk_tile_m_color.dds
entitybank\cyberpunk streets booster pack\streets and sidewalks\sidewalks\cs_sidewalk_tile_m_normal.dds
entitybank\cyberpunk streets booster pack\streets and sidewalks\sidewalks\cs_sidewalk_tile_m_surface.dds
entitybank\cyberpunk streets booster pack\streets and sidewalks\sidewalks\cs_sidewalk_tile_x2.dbo
entitybank\cyberpunk streets booster pack\streets and sidewalks\sidewalks\cs_sidewalk_tile_x2.fpe
entitybank\cyberpunk streets booster pack\streets and sidewalks\sidewalks\cs_sidewalk_tile_x4.dbo
entitybank\cyberpunk streets booster pack\streets and sidewalks\sidewalks\cs_sidewalk_tile_x4.fpe
entitybank\cyberpunk streets booster pack\streets and sidewalks\sidewalks\cs_sidewalk_tile.dbo
entitybank\cyberpunk streets booster pack\streets and sidewalks\sidewalks\cs_sidewalk_tile.fpe
entitybank\cyberpunk streets booster pack\streets and sidewalks\sidewalks\cs_steps_01_m_color.dds
entitybank\cyberpunk streets booster pack\streets and sidewalks\sidewalks\cs_steps_01_m_normal.dds
entitybank\cyberpunk streets booster pack\streets and sidewalks\sidewalks\cs_steps_01_m_surface.dds
entitybank\cyberpunk streets booster pack\streets and sidewalks\sidewalks\cs_steps_01.dbo
entitybank\cyberpunk streets booster pack\streets and sidewalks\sidewalks\cs_steps_01.fpe
entitybank\cyberpunk streets booster pack\streets and sidewalks\street decals\asphalt_01_color.png
entitybank\cyberpunk streets booster pack\streets and sidewalks\street decals\asphalt_02_color.png
entitybank\cyberpunk streets booster pack\streets and sidewalks\street decals\asphalt_normal.dds
entitybank\cyberpunk streets booster pack\streets and sidewalks\street decals\asphalt_surface.dds
entitybank\cyberpunk streets booster pack\streets and sidewalks\street decals\asphalt_surface.png
entitybank\cyberpunk streets booster pack\streets and sidewalks\street decals\center_lines.dds
entitybank\cyberpunk streets booster pack\streets and sidewalks\street decals\crosswalk.dds
entitybank\cyberpunk streets booster pack\streets and sidewalks\street decals\cs_street_center_line_decal.dbo
entitybank\cyberpunk streets booster pack\streets and sidewalks\street decals\cs_street_center_line_decal.fpe
entitybank\cyberpunk streets booster pack\streets and sidewalks\street decals\cs_street_crosswalk_decal.dbo
entitybank\cyberpunk streets booster pack\streets and sidewalks\street decals\cs_street_crosswalk_decal.fpe
entitybank\cyberpunk streets booster pack\streets and sidewalks\street decals\cs_street_decal_01_m_normal.png
entitybank\cyberpunk streets booster pack\streets and sidewalks\street decals\cs_street_decal_01.dbo
entitybank\cyberpunk streets booster pack\streets and sidewalks\street decals\cs_street_decal_01.fpe
entitybank\cyberpunk streets booster pack\streets and sidewalks\street decals\cs_street_decal_02_m_normal.png
entitybank\cyberpunk streets booster pack\streets and sidewalks\street decals\cs_street_decal_02.dbo
entitybank\cyberpunk streets booster pack\streets and sidewalks\street decals\cs_street_decal_02.fpe
entitybank\cyberpunk streets booster pack\streets and sidewalks\street decals\cs_street_decal_03_m_normal.png
entitybank\cyberpunk streets booster pack\streets and sidewalks\street decals\cs_street_decal_03.dbo
entitybank\cyberpunk streets booster pack\streets and sidewalks\street decals\cs_street_decal_03.fpe
entitybank\cyberpunk streets booster pack\streets and sidewalks\street decals\cs_street_decal_04_m_normal.png
entitybank\cyberpunk streets booster pack\streets and sidewalks\street decals\cs_street_decal_04.dbo
entitybank\cyberpunk streets booster pack\streets and sidewalks\street decals\cs_street_decal_04.fpe
entitybank\cyberpunk streets booster pack\streets and sidewalks\street decals\cs_street_decal_05_m_normal.png
entitybank\cyberpunk streets booster pack\streets and sidewalks\street decals\cs_street_decal_05.dbo
entitybank\cyberpunk streets booster pack\streets and sidewalks\street decals\cs_street_decal_05.fpe
entitybank\cyberpunk streets booster pack\streets and sidewalks\street decals\cs_street_decal_06_m_normal.png
entitybank\cyberpunk streets booster pack\streets and sidewalks\street decals\cs_street_decal_06.dbo
entitybank\cyberpunk streets booster pack\streets and sidewalks\street decals\cs_street_decal_06.fpe
entitybank\cyberpunk streets booster pack\streets and sidewalks\street decals\cs_street_decal_07_m_normal.png
entitybank\cyberpunk streets booster pack\streets and sidewalks\street decals\cs_street_decal_07.dbo
entitybank\cyberpunk streets booster pack\streets and sidewalks\street decals\cs_street_decal_07.fpe
entitybank\cyberpunk streets booster pack\streets and sidewalks\street decals\cs_street_decal_08_m_normal.png
entitybank\cyberpunk streets booster pack\streets and sidewalks\street decals\cs_street_decal_08.dbo
entitybank\cyberpunk streets booster pack\streets and sidewalks\street decals\cs_street_decal_08.fpe
entitybank\cyberpunk streets booster pack\streets and sidewalks\street decals\cs_street_decal_09_m_normal.png
entitybank\cyberpunk streets booster pack\streets and sidewalks\street decals\cs_street_decal_09.dbo
entitybank\cyberpunk streets booster pack\streets and sidewalks\street decals\cs_street_decal_09.fpe
entitybank\cyberpunk streets booster pack\streets and sidewalks\street decals\cs_street_double_center_line.dbo
entitybank\cyberpunk streets booster pack\streets and sidewalks\street decals\cs_street_double_center_line.fpe
entitybank\cyberpunk streets booster pack\streets and sidewalks\street decals\cs_street_straight_arrow_decal.dbo
entitybank\cyberpunk streets booster pack\streets and sidewalks\street decals\cs_street_straight_arrow_decal.fpe
entitybank\cyberpunk streets booster pack\streets and sidewalks\street decals\cs_street_straight_arrow_only_decal.dbo
entitybank\cyberpunk streets booster pack\streets and sidewalks\street decals\cs_street_straight_arrow_only_decal.fpe
entitybank\cyberpunk streets booster pack\streets and sidewalks\street decals\cs_street_straight_left_arrow_decal.dbo
entitybank\cyberpunk streets booster pack\streets and sidewalks\street decals\cs_street_straight_left_arrow_decal.fpe
entitybank\cyberpunk streets booster pack\streets and sidewalks\street decals\cs_street_straight_right_arrow_decal.dbo
entitybank\cyberpunk streets booster pack\streets and sidewalks\street decals\cs_street_straight_right_arrow_decal.fpe
entitybank\cyberpunk streets booster pack\streets and sidewalks\street decals\double_center_lines.dds
entitybank\cyberpunk streets booster pack\streets and sidewalks\street decals\straight_arrow_only.dds
entitybank\cyberpunk streets booster pack\streets and sidewalks\street decals\straight_arrow.dds
entitybank\cyberpunk streets booster pack\streets and sidewalks\street decals\straight_left_arrow.dds
entitybank\cyberpunk streets booster pack\streets and sidewalks\street decals\straight_right_arrow.dds
entitybank\cyberpunk streets booster pack\streets and sidewalks\streets\asphalt_color.dds
entitybank\cyberpunk streets booster pack\streets and sidewalks\streets\asphalt_normal.dds
entitybank\cyberpunk streets booster pack\streets and sidewalks\streets\asphalt_surface.dds
entitybank\cyberpunk streets booster pack\streets and sidewalks\streets\cs_street_4_way_2.dbo
entitybank\cyberpunk streets booster pack\streets and sidewalks\streets\cs_street_4_way_2.fpe
entitybank\cyberpunk streets booster pack\streets and sidewalks\streets\cs_street_crosswalk_metal_blocker_m_color.dds
entitybank\cyberpunk streets booster pack\streets and sidewalks\streets\cs_street_crosswalk_metal_blocker_m_normal.dds
entitybank\cyberpunk streets booster pack\streets and sidewalks\streets\cs_street_crosswalk_metal_blocker_m_surface.dds
entitybank\cyberpunk streets booster pack\streets and sidewalks\streets\cs_street_crosswalk_metal_blocker_up.dbo
entitybank\cyberpunk streets booster pack\streets and sidewalks\streets\cs_street_crosswalk_metal_blocker_up.fpe
entitybank\cyberpunk streets booster pack\streets and sidewalks\streets\cs_street_crosswalk_metal_blocker.dbo
entitybank\cyberpunk streets booster pack\streets and sidewalks\streets\cs_street_crosswalk_metal_blocker.fpe
entitybank\cyberpunk streets booster pack\streets and sidewalks\streets\cs_street_crosswalk_metal_m_color.dds
entitybank\cyberpunk streets booster pack\streets and sidewalks\streets\cs_street_crosswalk_metal_m_normal.dds
entitybank\cyberpunk streets booster pack\streets and sidewalks\streets\cs_street_crosswalk_metal_m_surface.dds
entitybank\cyberpunk streets booster pack\streets and sidewalks\streets\cs_street_crosswalk_metal.dbo
entitybank\cyberpunk streets booster pack\streets and sidewalks\streets\cs_street_crosswalk_metal.fpe
entitybank\cyberpunk streets booster pack\streets and sidewalks\streets\cs_street_curve_1.dbo
entitybank\cyberpunk streets booster pack\streets and sidewalks\streets\cs_street_curve_1.fpe
entitybank\cyberpunk streets booster pack\streets and sidewalks\streets\cs_street_light_marker_m_color.dds
entitybank\cyberpunk streets booster pack\streets and sidewalks\streets\cs_street_light_marker_m_emissive.png
entitybank\cyberpunk streets booster pack\streets and sidewalks\streets\cs_street_light_marker_m_normal.dds
entitybank\cyberpunk streets booster pack\streets and sidewalks\streets\cs_street_light_marker_m_surface.dds
entitybank\cyberpunk streets booster pack\streets and sidewalks\streets\cs_street_light_marker.dbo
entitybank\cyberpunk streets booster pack\streets and sidewalks\streets\cs_street_light_marker.fpe
entitybank\cyberpunk streets booster pack\streets and sidewalks\streets\cs_street_manhole_cover_m_color.dds
entitybank\cyberpunk streets booster pack\streets and sidewalks\streets\cs_street_manhole_cover_m_surface.dds
entitybank\cyberpunk streets booster pack\streets and sidewalks\streets\cs_street_manhole_cover.dbo
entitybank\cyberpunk streets booster pack\streets and sidewalks\streets\cs_street_manhole_cover.fpe
entitybank\cyberpunk streets booster pack\streets and sidewalks\streets\cs_street_straight_2x.dbo
entitybank\cyberpunk streets booster pack\streets and sidewalks\streets\cs_street_straight_2x.fpe
entitybank\cyberpunk streets booster pack\streets and sidewalks\streets\cs_street_straight_4x.dbo
entitybank\cyberpunk streets booster pack\streets and sidewalks\streets\cs_street_straight_4x.fpe
entitybank\cyberpunk streets booster pack\streets and sidewalks\streets\cs_street_straight_quarter.dbo
entitybank\cyberpunk streets booster pack\streets and sidewalks\streets\cs_street_straight_quarter.fpe
entitybank\cyberpunk streets booster pack\streets and sidewalks\streets\cs_street_t-intersect_3.dbo
entitybank\cyberpunk streets booster pack\streets and sidewalks\streets\cs_street_t-intersect_3.fpe
entitybank\jungle collection\bush\jungle bush_color.dds
entitybank\jungle collection\bush\jungle bush_normal.dds
entitybank\jungle collection\bush\jungle bush_surface.dds
entitybank\jungle collection\bush\medium bush.dbo
entitybank\jungle collection\bush\medium bush.fpe
entitybank\jungle collection\trees\broad tree fronds_color.dds
entitybank\jungle collection\trees\broad tree fronds_normal.dds
entitybank\jungle collection\trees\broad tree fronds_surface.dds
entitybank\Jungle Collection\Trees\Broad Tree Trunk_color.dds
entitybank\Jungle Collection\Trees\Broad Tree Trunk_normal.dds
entitybank\jungle collection\trees\broad tree trunk_surface.dds
entitybank\jungle collection\trees\broad tree.dbo
entitybank\jungle collection\trees\broad tree.fpe
entitybank\jungle collection\trees\split tree fronds_color.dds
entitybank\jungle collection\trees\split tree fronds_normal.dds
entitybank\jungle collection\trees\split tree fronds_surface.dds
entitybank\jungle collection\trees\split tree.dbo
entitybank\jungle collection\trees\split tree.fpe
entitybank\jungle collection\trees\tropic tree fronds_color.dds
entitybank\jungle collection\trees\tropic tree fronds_normal.dds
entitybank\jungle collection\trees\tropic tree fronds_surface.dds
entitybank\jungle collection\trees\tropic tree trunk_color.dds
entitybank\jungle collection\trees\tropic tree trunk_normal.dds
entitybank\jungle collection\trees\tropic tree trunk_surface.dds
