entitybank\_markers\player start.fpe
entitybank\_markers\start with ghost.dbo
entitybank\_markers\start with ghost.dds
entitybank\cyberpunk streets booster pack\streets and sidewalks\streets\cs_street_t-intersect_3.fpe
entitybank\cyberpunk streets booster pack\streets and sidewalks\streets\cs_street_t-intersect_3.dbo
entitybank\cyberpunk streets booster pack\streets and sidewalks\streets\asphalt_color.dds
entitybank\cyberpunk streets booster pack\streets and sidewalks\streets\asphalt_normal.dds
entitybank\cyberpunk streets booster pack\streets and sidewalks\streets\asphalt_surface.dds
entitybank\cyberpunk streets booster pack\streets and sidewalks\streets\cs_street_straight_4x.fpe
entitybank\cyberpunk streets booster pack\streets and sidewalks\streets\cs_street_straight_4x.dbo
entitybank\cyberpunk streets booster pack\streets and sidewalks\streets\cs_street_4_way_2.fpe
entitybank\cyberpunk streets booster pack\streets and sidewalks\streets\cs_street_4_way_2.dbo
entitybank\cyberpunk streets booster pack\streets and sidewalks\sidewalks\cs_sidewalk_corner1_dropcurb.fpe
entitybank\cyberpunk streets booster pack\streets and sidewalks\sidewalks\cs_sidewalk_corner1_dropcurb.dbo
entitybank\cyberpunk streets booster pack\streets and sidewalks\sidewalks\cs_sidewalk_corner1_m_color.dds
entitybank\cyberpunk streets booster pack\streets and sidewalks\sidewalks\cs_sidewalk_corner1_m_normal.dds
entitybank\cyberpunk streets booster pack\streets and sidewalks\sidewalks\cs_sidewalk_corner1_m_surface.dds
entitybank\cyberpunk streets booster pack\streets and sidewalks\sidewalks\cs_sidewalk_straight_edge.fpe
entitybank\cyberpunk streets booster pack\streets and sidewalks\sidewalks\cs_sidewalk_straight_edge.dbo
entitybank\cyberpunk streets booster pack\streets and sidewalks\sidewalks\cs_sidewalk_straight_edge_m_color.dds
entitybank\cyberpunk streets booster pack\streets and sidewalks\sidewalks\cs_sidewalk_straight_edge_m_normal.dds
entitybank\cyberpunk streets booster pack\streets and sidewalks\sidewalks\cs_sidewalk_straight_edge_m_surface.dds
entitybank\cyberpunk streets booster pack\streets and sidewalks\sidewalks\cs_sidewalk_tile_4x4.fpe
entitybank\cyberpunk streets booster pack\streets and sidewalks\sidewalks\cs_sidewalk_tile_4x4.dbo
entitybank\cyberpunk streets booster pack\streets and sidewalks\sidewalks\cs_sidewalk_tile_m_color.dds
entitybank\cyberpunk streets booster pack\streets and sidewalks\sidewalks\cs_sidewalk_tile_m_normal.dds
entitybank\cyberpunk streets booster pack\streets and sidewalks\sidewalks\cs_sidewalk_tile_m_surface.dds
entitybank\cyberpunk streets booster pack\streets and sidewalks\street decals\cs_street_crosswalk_decal.fpe
entitybank\cyberpunk streets booster pack\streets and sidewalks\street decals\cs_street_crosswalk_decal.dbo
entitybank\cyberpunk streets booster pack\streets and sidewalks\street decals\crosswalk.dds
entitybank\cyberpunk streets booster pack\streets and sidewalks\street decals\asphalt_normal.dds
entitybank\cyberpunk streets booster pack\streets and sidewalks\street decals\asphalt_surface.dds
entitybank\cyberpunk streets booster pack\streets and sidewalks\street decals\cs_street_double_center_line.fpe
entitybank\cyberpunk streets booster pack\streets and sidewalks\street decals\cs_street_double_center_line.dbo
entitybank\cyberpunk streets booster pack\streets and sidewalks\street decals\double_center_lines.dds
entitybank\cyberpunk streets booster pack\streets and sidewalks\street decals\cs_street_decal_04.fpe
entitybank\cyberpunk streets booster pack\streets and sidewalks\street decals\cs_street_decal_04.dbo
entitybank\cyberpunk streets booster pack\streets and sidewalks\street decals\asphalt_02_color.png
entitybank\cyberpunk streets booster pack\streets and sidewalks\street decals\cs_street_decal_04_m_normal.png
entitybank\cyberpunk streets booster pack\streets and sidewalks\street decals\asphalt_surface.png
entitybank\cyberpunk streets booster pack\streets and sidewalks\street decals\cs_street_decal_05.fpe
entitybank\cyberpunk streets booster pack\streets and sidewalks\street decals\cs_street_decal_05.dbo
entitybank\cyberpunk streets booster pack\streets and sidewalks\street decals\asphalt_01_color.png
entitybank\cyberpunk streets booster pack\streets and sidewalks\street decals\cs_street_decal_05_m_normal.png
entitybank\cyberpunk streets booster pack\streets and sidewalks\street decals\cs_street_decal_06.fpe
entitybank\cyberpunk streets booster pack\streets and sidewalks\street decals\cs_street_decal_06.dbo
entitybank\cyberpunk streets booster pack\streets and sidewalks\street decals\cs_street_decal_06_m_normal.png
entitybank\cyberpunk streets booster pack\streets and sidewalks\street decals\cs_street_decal_01.fpe
entitybank\cyberpunk streets booster pack\streets and sidewalks\street decals\cs_street_decal_01.dbo
entitybank\cyberpunk streets booster pack\streets and sidewalks\street decals\cs_street_decal_01_m_normal.png
entitybank\cyberpunk streets booster pack\background buildings\cs_bg_building_01_base.fpe
entitybank\cyberpunk streets booster pack\background buildings\cs_bg_building_01_base.dbo
entitybank\cyberpunk streets booster pack\background buildings\cs_bg_building_01_base_m_color.dds
entitybank\cyberpunk streets booster pack\background buildings\cs_bg_building_01_base_m_normal.dds
entitybank\cyberpunk streets booster pack\background buildings\cs_bg_building_01_base_m_surface.dds
entitybank\cyberpunk streets booster pack\background buildings\cs_bg_building_01_base2.fpe
entitybank\cyberpunk streets booster pack\background buildings\cs_bg_building_01_base2.dbo
entitybank\cyberpunk streets booster pack\background buildings\cs_building_01_base2_m_color.dds
entitybank\cyberpunk streets booster pack\background buildings\cs_building_01_base2_m_normal.dds
entitybank\cyberpunk streets booster pack\background buildings\cs_building_01_base2_m_surface.dds
entitybank\cyberpunk streets booster pack\background buildings\cs_bg_building_01_floor.fpe
entitybank\cyberpunk streets booster pack\background buildings\cs_bg_building_01_floor.dbo
entitybank\cyberpunk streets booster pack\background buildings\cs_building_01_floor_m_color.dds
entitybank\cyberpunk streets booster pack\background buildings\cs_building_01_floor_m_normal.dds
entitybank\cyberpunk streets booster pack\background buildings\cs_building_01_floor_m_surface.dds
entitybank\cyberpunk streets booster pack\background buildings\cs_bg_building_01_floor_between.fpe
entitybank\cyberpunk streets booster pack\background buildings\cs_bg_building_01_floor_between.dbo
entitybank\cyberpunk streets booster pack\background buildings\cs_bg_building_01_floor_between_m_color.dds
entitybank\cyberpunk streets booster pack\background buildings\cs_bg_building_01_floor_between_m_normal.dds
entitybank\cyberpunk streets booster pack\background buildings\cs_bg_building_01_floor_between_m_surface.dds
entitybank\cyberpunk streets booster pack\background buildings\cs_bg_building_01_top.fpe
entitybank\cyberpunk streets booster pack\background buildings\cs_bg_building_01_top.dbo
entitybank\cyberpunk streets booster pack\background buildings\cs_bg_building_01_top_m_color.dds
entitybank\cyberpunk streets booster pack\background buildings\cs_bg_building_01_top_m_normal.dds
entitybank\cyberpunk streets booster pack\background buildings\cs_bg_building_01_top_m_surface.dds
entitybank\cyberpunk streets booster pack\background buildings\cs_bg_building_01_top_m_emissive.png
entitybank\cyberpunk streets booster pack\misc\sidewalk misc\cs_planter_01.fpe
entitybank\cyberpunk streets booster pack\misc\sidewalk misc\cs_planter_01.dbo
entitybank\cyberpunk streets booster pack\misc\sidewalk misc\cs_planter_01_m_color.dds
entitybank\cyberpunk streets booster pack\misc\sidewalk misc\cs_planter_01_m_normal.dds
entitybank\cyberpunk streets booster pack\misc\sidewalk misc\cs_planter_01_m_surface.dds
entitybank\jungle collection\trees\broad tree.fpe
entitybank\jungle collection\trees\broad tree.dbo
entitybank\jungle collection\trees\broad tree trunk_color.dds
entitybank\jungle collection\trees\broad tree trunk_normal.dds
entitybank\jungle collection\trees\broad tree trunk_surface.dds
entitybank\jungle collection\trees\broad tree fronds_color.dds
entitybank\jungle collection\trees\broad tree fronds_normal.dds
entitybank\jungle collection\trees\broad tree fronds_surface.dds
entitybank\cyberpunk streets booster pack\streets and sidewalks\street decals\cs_street_straight_right_arrow_decal.fpe
entitybank\cyberpunk streets booster pack\streets and sidewalks\street decals\cs_street_straight_right_arrow_decal.dbo
entitybank\cyberpunk streets booster pack\streets and sidewalks\street decals\straight_right_arrow.dds
entitybank\cyberpunk streets booster pack\misc\debris\cs_bottle_can_cluster_01.fpe
entitybank\cyberpunk streets booster pack\misc\debris\cs_bottle_can_cluster_01.dbo
entitybank\cyberpunk streets booster pack\misc\debris\cs_can_03_m_color.dds
entitybank\cyberpunk streets booster pack\misc\debris\cs_bottle_01_m_color.dds
entitybank\cyberpunk streets booster pack\misc\debris\cs_bottle_01_m_normal.dds
entitybank\cyberpunk streets booster pack\misc\debris\cs_bottle_01_m_surface.dds
entitybank\cyberpunk streets booster pack\misc\debris\cs_can_01_m_color.dds
entitybank\cyberpunk streets booster pack\misc\debris\cs_can_01_m_normal.dds
entitybank\cyberpunk streets booster pack\misc\debris\cs_can_01_m_surface.dds
entitybank\cyberpunk streets booster pack\misc\debris\cs_can_02_m_color.dds
entitybank\cyberpunk streets booster pack\misc\debris\cs_can_02_m_normal.dds
entitybank\cyberpunk streets booster pack\misc\debris\cs_can_02_m_surface.dds
entitybank\cyberpunk streets booster pack\misc\debris\cs_newspaper_01.fpe
entitybank\cyberpunk streets booster pack\misc\debris\cs_newspaper_01.dbo
entitybank\cyberpunk streets booster pack\misc\debris\cs_newspaper_01_color.dds
entitybank\cyberpunk streets booster pack\misc\debris\cs_newspaper_01_surface.dds
entitybank\cyberpunk streets booster pack\misc\debris\cs_newspaper_02.fpe
entitybank\cyberpunk streets booster pack\misc\debris\cs_newspaper_02.dbo
entitybank\cyberpunk streets booster pack\misc\debris\cs_newspaper_02_color.dds
entitybank\cyberpunk streets booster pack\misc\debris\cs_newspaper_02_surface.dds
entitybank\cyberpunk streets booster pack\background buildings\cs_bg_building_03_base.fpe
entitybank\cyberpunk streets booster pack\background buildings\cs_bg_building_03_base.dbo
entitybank\cyberpunk streets booster pack\background buildings\cs_bg_building_03_base_m_color.dds
entitybank\cyberpunk streets booster pack\background buildings\cs_bg_building_03_base_m_normal.dds
entitybank\cyberpunk streets booster pack\background buildings\cs_bg_building_03_base_m_surface.dds
entitybank\cyberpunk streets booster pack\background buildings\cs_bg_building_03_floor.fpe
entitybank\cyberpunk streets booster pack\background buildings\cs_bg_building_03_floor.dbo
entitybank\cyberpunk streets booster pack\background buildings\cs_bg_building_03_floor_m_color.dds
entitybank\cyberpunk streets booster pack\background buildings\cs_bg_building_03_floor_m_normal.dds
entitybank\cyberpunk streets booster pack\background buildings\cs_bg_building_03_floor_m_surface.dds
entitybank\cyberpunk streets booster pack\background buildings\cs_bg_building_03_floor_m_emissive.png
entitybank\cyberpunk streets booster pack\background buildings\cs_bg_building_03_top.fpe
entitybank\cyberpunk streets booster pack\background buildings\cs_bg_building_03_top.dbo
entitybank\cyberpunk streets booster pack\background buildings\cs_bg_building_03_top_m_color.dds
entitybank\cyberpunk streets booster pack\background buildings\cs_bg_building_03_top_m_normal.dds
entitybank\cyberpunk streets booster pack\background buildings\cs_bg_building_03_top_m_surface.dds
entitybank\cyberpunk streets booster pack\background buildings\cs_bg_building_03_top_m_emissive.png
entitybank\cyberpunk streets booster pack\buildings\cs_wall_corner_01.fpe
entitybank\cyberpunk streets booster pack\buildings\cs_wall_corner_01.dbo
entitybank\cyberpunk streets booster pack\buildings\cs_wall_corner_01_m_color.dds
entitybank\cyberpunk streets booster pack\buildings\cs_wall_corner_01_m_normal.dds
entitybank\cyberpunk streets booster pack\buildings\cs_wall_corner_01_m_surface.dds
entitybank\cyberpunk streets booster pack\buildings\cs_walls_01_window_with_bars.fpe
entitybank\cyberpunk streets booster pack\buildings\cs_walls_01_window_with_bars.dbo
entitybank\cyberpunk streets booster pack\buildings\cs_wall_01_window_m_color.dds
entitybank\cyberpunk streets booster pack\buildings\cs_wall_01_window_m_normal.dds
entitybank\cyberpunk streets booster pack\buildings\cs_wall_01_window_m_surface.dds
entitybank\cyberpunk streets booster pack\buildings\cs_wall_01_window_bars_m_color.dds
entitybank\cyberpunk streets booster pack\buildings\cs_wall_01_window_bars_m_normal.dds
entitybank\cyberpunk streets booster pack\buildings\cs_wall_01_window_bars_m_surface.dds
entitybank\cyberpunk streets booster pack\buildings\cs_wall_01_entry_01.fpe
entitybank\cyberpunk streets booster pack\buildings\cs_wall_01_entry_01.dbo
entitybank\cyberpunk streets booster pack\buildings\cs_wall_01_entry_01_m_color.dds
entitybank\cyberpunk streets booster pack\buildings\cs_wall_01_entry_01_m_normal.dds
entitybank\cyberpunk streets booster pack\buildings\cs_wall_01_entry_01_m_surface.dds
entitybank\cyberpunk streets booster pack\buildings\cs_wall_01.fpe
entitybank\cyberpunk streets booster pack\buildings\cs_wall_01.dbo
entitybank\cyberpunk streets booster pack\buildings\cs_wall_01_m_color.dds
entitybank\cyberpunk streets booster pack\buildings\cs_wall_01_m_normal.dds
entitybank\cyberpunk streets booster pack\buildings\cs_wall_01_m_surface.dds
entitybank\cyberpunk streets booster pack\buildings\cs_roof_tile_4x4.fpe
entitybank\cyberpunk streets booster pack\buildings\cs_roof_tile_4x4.dbo
entitybank\cyberpunk streets booster pack\buildings\asphalt_color.dds
entitybank\cyberpunk streets booster pack\buildings\asphalt_normal.dds
entitybank\cyberpunk streets booster pack\buildings\asphalt_surface.dds
entitybank\cyberpunk streets booster pack\buildings\cs_roof_tile_2x2.fpe
entitybank\cyberpunk streets booster pack\buildings\cs_roof_tile_2x2.dbo
entitybank\cyberpunk streets booster pack\store fronts\cs_store_front_02_corner_with_window.fpe
entitybank\cyberpunk streets booster pack\store fronts\cs_store_front_02_corner_with_window.dbo
entitybank\cyberpunk streets booster pack\store fronts\cs_store_front_02_corner_window_m_color.dds
entitybank\cyberpunk streets booster pack\store fronts\cs_store_front_02_corner_window_m_normal.dds
entitybank\cyberpunk streets booster pack\store fronts\cs_store_front_02_corner_window_m_surface.dds
entitybank\cyberpunk streets booster pack\store fronts\cs_store_front_02_corner_m_color.dds
entitybank\cyberpunk streets booster pack\store fronts\cs_store_front_02_corner_m_normal.dds
entitybank\cyberpunk streets booster pack\store fronts\cs_store_front_02_corner_m_surface.dds
entitybank\cyberpunk streets booster pack\store fronts\cs_store_front_02_corner_neon_opposite.fpe
entitybank\cyberpunk streets booster pack\store fronts\cs_store_front_02_corner_neon_opposite.dbo
entitybank\cyberpunk streets booster pack\store fronts\cs_store_front_02_corner_neon_color.png
entitybank\cyberpunk streets booster pack\store fronts\cs_store_front_02_corner_neon_surface.dds
entitybank\cyberpunk streets booster pack\misc\general misc\cs_trash_can.fpe
entitybank\cyberpunk streets booster pack\misc\general misc\cs_trash_can.dbo
entitybank\cyberpunk streets booster pack\misc\general misc\cs_trash_can_m_color.dds
entitybank\cyberpunk streets booster pack\misc\general misc\cs_trash_can_m_normal.dds
entitybank\cyberpunk streets booster pack\misc\general misc\cs_trash_can_m_surface.dds
entitybank\cyberpunk streets booster pack\misc\sidewalk misc\cs_street_lamp.fpe
entitybank\cyberpunk streets booster pack\misc\sidewalk misc\cs_street_lamp.dbo
entitybank\cyberpunk streets booster pack\misc\sidewalk misc\cs_street_lamp_m_color.dds
entitybank\cyberpunk streets booster pack\misc\sidewalk misc\cs_street_lamp_m_normal.dds
entitybank\cyberpunk streets booster pack\misc\sidewalk misc\cs_street_lamp_m_surface.dds
entitybank\cyberpunk streets booster pack\misc\sidewalk misc\cs_street_lamp_m_emissive.png
entitybank\_markers\white light.fpe
entitybank\_markers\hybridlight.dbo
entitybank\_markers\lightbulb_white_d.dds
entitybank\cyberpunk streets booster pack\streets and sidewalks\streets\cs_street_curve_1.fpe
entitybank\cyberpunk streets booster pack\streets and sidewalks\streets\cs_street_curve_1.dbo
entitybank\cyberpunk streets booster pack\streets and sidewalks\streets\cs_street_straight_2x.fpe
entitybank\cyberpunk streets booster pack\streets and sidewalks\streets\cs_street_straight_2x.dbo
entitybank\cyberpunk streets booster pack\streets and sidewalks\sidewalks\cs_large_curve_sidewalk.fpe
entitybank\cyberpunk streets booster pack\streets and sidewalks\sidewalks\cs_large_curve_sidewalk.dbo
entitybank\cyberpunk streets booster pack\streets and sidewalks\sidewalks\cs_large_curve_sidewalk_m_color.dds
entitybank\cyberpunk streets booster pack\streets and sidewalks\sidewalks\cs_large_curve_sidewalk_m_normal.dds
entitybank\cyberpunk streets booster pack\streets and sidewalks\sidewalks\cs_large_curve_sidewalk_m_surface.dds
entitybank\cyberpunk streets booster pack\streets and sidewalks\sidewalks\cs_sidewalk_curve_large2.fpe
entitybank\cyberpunk streets booster pack\streets and sidewalks\sidewalks\cs_sidewalk_curve_large2.dbo
entitybank\cyberpunk streets booster pack\streets and sidewalks\sidewalks\cs_sidewalk_curve_large2_m_color.dds
entitybank\cyberpunk streets booster pack\streets and sidewalks\sidewalks\cs_sidewalk_curve_large2_m_normal.dds
entitybank\cyberpunk streets booster pack\streets and sidewalks\sidewalks\cs_sidewalk_curve_large2_m_surface.dds
entitybank\cyberpunk streets booster pack\streets and sidewalks\sidewalks\cs_sidewalk_curve_small.fpe
entitybank\cyberpunk streets booster pack\streets and sidewalks\sidewalks\cs_sidewalk_curve_small.dbo
entitybank\cyberpunk streets booster pack\streets and sidewalks\sidewalks\cs_sidewalk_curve_small_m_color.dds
entitybank\cyberpunk streets booster pack\streets and sidewalks\sidewalks\cs_sidewalk_curve_small_m_normal.dds
entitybank\cyberpunk streets booster pack\streets and sidewalks\sidewalks\cs_sidewalk_curve_small_m_surface.dds
entitybank\cyberpunk streets booster pack\streets and sidewalks\sidewalks\cs_sidewalk_tile_curve.fpe
entitybank\cyberpunk streets booster pack\streets and sidewalks\sidewalks\cs_sidewalk_tile_curve.dbo
entitybank\cyberpunk streets booster pack\streets and sidewalks\sidewalks\cs_sidewalk_tile_curve_m_color.dds
entitybank\cyberpunk streets booster pack\streets and sidewalks\sidewalks\cs_sidewalk_tile_curve_m_normal.dds
entitybank\cyberpunk streets booster pack\streets and sidewalks\sidewalks\cs_sidewalk_tile_curve_m_surface.dds
entitybank\cyberpunk streets booster pack\streets and sidewalks\sidewalks\cs_sidewalk_straight_edge_half.fpe
entitybank\cyberpunk streets booster pack\streets and sidewalks\sidewalks\cs_sidewalk_straight_edge_half.dbo
entitybank\cyberpunk streets booster pack\streets and sidewalks\sidewalks\cs_sidewalk_straight_edge_half_m_color.dds
entitybank\cyberpunk streets booster pack\streets and sidewalks\sidewalks\cs_sidewalk_straight_edge_half_m_normal.dds
entitybank\cyberpunk streets booster pack\streets and sidewalks\sidewalks\cs_sidewalk_straight_edge_half_m_surface.dds
entitybank\cyberpunk streets booster pack\streets and sidewalks\sidewalks\cs_sidewalk_tile_2x2.fpe
entitybank\cyberpunk streets booster pack\streets and sidewalks\sidewalks\cs_sidewalk_tile_2x2.dbo
entitybank\cyberpunk streets booster pack\streets and sidewalks\sidewalks\cs_sidewalk_tile_3x3.fpe
entitybank\cyberpunk streets booster pack\streets and sidewalks\sidewalks\cs_sidewalk_tile_3x3.dbo
entitybank\cyberpunk streets booster pack\streets and sidewalks\sidewalks\cs_sidewalk_tile.fpe
entitybank\cyberpunk streets booster pack\streets and sidewalks\sidewalks\cs_sidewalk_tile.dbo
entitybank\cyberpunk streets booster pack\streets and sidewalks\sidewalks\cs_sidewalk_tile_x2.fpe
entitybank\cyberpunk streets booster pack\streets and sidewalks\sidewalks\cs_sidewalk_tile_x2.dbo
entitybank\cyberpunk streets booster pack\streets and sidewalks\sidewalks\cs_sidewalk_tile_x4.fpe
entitybank\cyberpunk streets booster pack\streets and sidewalks\sidewalks\cs_sidewalk_tile_x4.dbo
entitybank\cyberpunk streets booster pack\buildings\cs_wall_01_overhang_corner.fpe
entitybank\cyberpunk streets booster pack\buildings\cs_wall_01_overhang_corner.dbo
entitybank\cyberpunk streets booster pack\buildings\cs_wall_01_overhang_corner_m_color.dds
entitybank\cyberpunk streets booster pack\buildings\cs_wall_01_overhang_corner_m_normal.dds
entitybank\cyberpunk streets booster pack\buildings\cs_wall_01_overhang_corner_m_surface.dds
entitybank\cyberpunk streets booster pack\buildings\cs_wall_01_overhang.fpe
entitybank\cyberpunk streets booster pack\buildings\cs_wall_01_overhang.dbo
entitybank\cyberpunk streets booster pack\buildings\cs_wall_01_overhang_m_color.dds
entitybank\cyberpunk streets booster pack\buildings\cs_wall_01_overhang_m_normal.dds
entitybank\cyberpunk streets booster pack\buildings\cs_wall_01_overhang_m_surface.dds
entitybank\cyberpunk streets booster pack\buildings\cs_wall_01_entry_04.fpe
entitybank\cyberpunk streets booster pack\buildings\cs_wall_01_entry_04.dbo
entitybank\cyberpunk streets booster pack\buildings\cs_wall_01_entry_04_m_color.dds
entitybank\cyberpunk streets booster pack\buildings\cs_wall_01_entry_04_m_normal.dds
entitybank\cyberpunk streets booster pack\buildings\cs_wall_01_entry_04_m_surface.dds
entitybank\jungle collection\trees\split tree.fpe
entitybank\jungle collection\trees\split tree.dbo
entitybank\jungle collection\trees\split tree fronds_color.dds
entitybank\jungle collection\trees\split tree fronds_normal.dds
entitybank\jungle collection\trees\split tree fronds_surface.dds
entitybank\jungle collection\trees\tropic tree trunk_color.dds
entitybank\jungle collection\trees\tropic tree trunk_normal.dds
entitybank\jungle collection\trees\tropic tree trunk_surface.dds
entitybank\jungle collection\trees\tropic tree fronds_color.dds
entitybank\jungle collection\trees\tropic tree fronds_normal.dds
entitybank\jungle collection\trees\tropic tree fronds_surface.dds
entitybank\cyberpunk streets booster pack\background buildings\cs_bg_building_04_base.fpe
entitybank\cyberpunk streets booster pack\background buildings\cs_bg_building_04_base.dbo
entitybank\cyberpunk streets booster pack\background buildings\cs_bg_building_04_base_m_color.dds
entitybank\cyberpunk streets booster pack\background buildings\cs_bg_building_04_base_m_normal.dds
entitybank\cyberpunk streets booster pack\background buildings\cs_bg_building_04_base_m_surface.dds
entitybank\cyberpunk streets booster pack\background buildings\cs_bg_building_04_base2.fpe
entitybank\cyberpunk streets booster pack\background buildings\cs_bg_building_04_base2.dbo
entitybank\cyberpunk streets booster pack\background buildings\ms_bg_building_04_base2_m_color.dds
entitybank\cyberpunk streets booster pack\background buildings\ms_bg_building_04_base2_m_normal.dds
entitybank\cyberpunk streets booster pack\background buildings\ms_bg_building_04_base2_m_surface.dds
entitybank\cyberpunk streets booster pack\background buildings\cs_bg_building_04_floor.fpe
entitybank\cyberpunk streets booster pack\background buildings\cs_bg_building_04_floor.dbo
entitybank\cyberpunk streets booster pack\background buildings\cs_bg_building_04_floor_m_color.dds
entitybank\cyberpunk streets booster pack\background buildings\cs_bg_building_04_floor_m_normal.dds
entitybank\cyberpunk streets booster pack\background buildings\cs_bg_building_04_floor_m_surface.dds
entitybank\cyberpunk streets booster pack\background buildings\cs_bg_building_04_top.fpe
entitybank\cyberpunk streets booster pack\background buildings\cs_bg_building_04_top.dbo
entitybank\cyberpunk streets booster pack\background buildings\cs_bg_building_04_top_m_color.dds
entitybank\cyberpunk streets booster pack\background buildings\cs_bg_building_04_top_m_normal.dds
entitybank\cyberpunk streets booster pack\background buildings\cs_bg_building_04_top_m_surface.dds
entitybank\cyberpunk streets booster pack\streets and sidewalks\street decals\cs_street_center_line_decal.fpe
entitybank\cyberpunk streets booster pack\streets and sidewalks\street decals\cs_street_center_line_decal.dbo
entitybank\cyberpunk streets booster pack\streets and sidewalks\street decals\center_lines.dds























































































































































































































































































































































































































































































































































































































































































































