entitybank\_markers\player start.fpe
entitybank\_markers\start with ghost.dbo
entitybank\_markers\start with ghost.dds
entitybank\cyberpunk streets booster pack\streets and sidewalks\streets\cs_street_t-intersect_3.fpe
entitybank\cyberpunk streets booster pack\streets and sidewalks\streets\cs_street_t-intersect_3.dbo
entitybank\cyberpunk streets booster pack\streets and sidewalks\streets\asphalt_color.dds
entitybank\cyberpunk streets booster pack\streets and sidewalks\streets\asphalt_normal.dds
entitybank\cyberpunk streets booster pack\streets and sidewalks\streets\asphalt_surface.dds
entitybank\cyberpunk streets booster pack\streets and sidewalks\streets\cs_street_straight_4x.fpe
entitybank\cyberpunk streets booster pack\streets and sidewalks\streets\cs_street_straight_4x.dbo
entitybank\cyberpunk streets booster pack\streets and sidewalks\streets\cs_street_4_way_2.fpe
entitybank\cyberpunk streets booster pack\streets and sidewalks\streets\cs_street_4_way_2.dbo
entitybank\cyberpunk streets booster pack\streets and sidewalks\street decals\cs_street_crosswalk_decal.fpe
entitybank\cyberpunk streets booster pack\streets and sidewalks\street decals\cs_street_crosswalk_decal.dbo
entitybank\cyberpunk streets booster pack\streets and sidewalks\street decals\crosswalk.dds
entitybank\cyberpunk streets booster pack\streets and sidewalks\street decals\asphalt_normal.dds
entitybank\cyberpunk streets booster pack\streets and sidewalks\street decals\asphalt_surface.dds
entitybank\cyberpunk streets booster pack\streets and sidewalks\street decals\cs_street_double_center_line.fpe
entitybank\cyberpunk streets booster pack\streets and sidewalks\street decals\cs_street_double_center_line.dbo
entitybank\cyberpunk streets booster pack\streets and sidewalks\street decals\double_center_lines.dds
entitybank\cyberpunk streets booster pack\background buildings\cs_bg_building_01_base.fpe
entitybank\cyberpunk streets booster pack\background buildings\cs_bg_building_01_base.dbo
entitybank\cyberpunk streets booster pack\background buildings\cs_bg_building_01_base_m_color.dds
entitybank\cyberpunk streets booster pack\background buildings\cs_bg_building_01_base_m_normal.dds
entitybank\cyberpunk streets booster pack\background buildings\cs_bg_building_01_base_m_surface.dds
entitybank\cyberpunk streets booster pack\background buildings\cs_bg_building_01_base2.fpe
entitybank\cyberpunk streets booster pack\background buildings\cs_bg_building_01_base2.dbo
entitybank\cyberpunk streets booster pack\background buildings\cs_building_01_base2_m_color.dds
entitybank\cyberpunk streets booster pack\background buildings\cs_building_01_base2_m_normal.dds
entitybank\cyberpunk streets booster pack\background buildings\cs_building_01_base2_m_surface.dds
entitybank\cyberpunk streets booster pack\background buildings\cs_bg_building_01_floor.fpe
entitybank\cyberpunk streets booster pack\background buildings\cs_bg_building_01_floor.dbo
entitybank\cyberpunk streets booster pack\background buildings\cs_building_01_floor_m_color.dds
entitybank\cyberpunk streets booster pack\background buildings\cs_building_01_floor_m_normal.dds
entitybank\cyberpunk streets booster pack\background buildings\cs_building_01_floor_m_surface.dds
entitybank\cyberpunk streets booster pack\background buildings\cs_bg_building_01_floor_between.fpe
entitybank\cyberpunk streets booster pack\background buildings\cs_bg_building_01_floor_between.dbo
entitybank\cyberpunk streets booster pack\background buildings\cs_bg_building_01_floor_between_m_color.dds
entitybank\cyberpunk streets booster pack\background buildings\cs_bg_building_01_floor_between_m_normal.dds
entitybank\cyberpunk streets booster pack\background buildings\cs_bg_building_01_floor_between_m_surface.dds
entitybank\cyberpunk streets booster pack\background buildings\cs_bg_building_01_top.fpe
entitybank\cyberpunk streets booster pack\background buildings\cs_bg_building_01_top.dbo
entitybank\cyberpunk streets booster pack\background buildings\cs_bg_building_01_top_m_color.dds
entitybank\cyberpunk streets booster pack\background buildings\cs_bg_building_01_top_m_normal.dds
entitybank\cyberpunk streets booster pack\background buildings\cs_bg_building_01_top_m_surface.dds
entitybank\cyberpunk streets booster pack\background buildings\cs_bg_building_01_top_m_emissive.png
entitybank\cyberpunk streets booster pack\background buildings\cs_bg_building_03_base.fpe
entitybank\cyberpunk streets booster pack\background buildings\cs_bg_building_03_base.dbo
entitybank\cyberpunk streets booster pack\background buildings\cs_bg_building_03_base_m_color.dds
entitybank\cyberpunk streets booster pack\background buildings\cs_bg_building_03_base_m_normal.dds
entitybank\cyberpunk streets booster pack\background buildings\cs_bg_building_03_base_m_surface.dds
entitybank\cyberpunk streets booster pack\background buildings\cs_bg_building_03_floor.fpe
entitybank\cyberpunk streets booster pack\background buildings\cs_bg_building_03_floor.dbo
entitybank\cyberpunk streets booster pack\background buildings\cs_bg_building_03_floor_m_color.dds
entitybank\cyberpunk streets booster pack\background buildings\cs_bg_building_03_floor_m_normal.dds
entitybank\cyberpunk streets booster pack\background buildings\cs_bg_building_03_floor_m_surface.dds
entitybank\cyberpunk streets booster pack\background buildings\cs_bg_building_03_floor_m_emissive.png
entitybank\cyberpunk streets booster pack\background buildings\cs_bg_building_03_top.fpe
entitybank\cyberpunk streets booster pack\background buildings\cs_bg_building_03_top.dbo
entitybank\cyberpunk streets booster pack\background buildings\cs_bg_building_03_top_m_color.dds
entitybank\cyberpunk streets booster pack\background buildings\cs_bg_building_03_top_m_normal.dds
entitybank\cyberpunk streets booster pack\background buildings\cs_bg_building_03_top_m_surface.dds
entitybank\cyberpunk streets booster pack\background buildings\cs_bg_building_03_top_m_emissive.png
entitybank\cyberpunk streets booster pack\buildings\cs_walls_01_window_with_bars.fpe
entitybank\cyberpunk streets booster pack\buildings\cs_walls_01_window_with_bars.dbo
entitybank\cyberpunk streets booster pack\buildings\cs_wall_01_window_bars_m_color.dds
entitybank\cyberpunk streets booster pack\buildings\cs_wall_01_window_bars_m_normal.dds
entitybank\cyberpunk streets booster pack\buildings\cs_wall_01_window_bars_m_surface.dds
entitybank\cyberpunk streets booster pack\buildings\cs_wall_01_window_m_color.dds
entitybank\cyberpunk streets booster pack\buildings\cs_wall_01_window_m_normal.dds
entitybank\cyberpunk streets booster pack\buildings\cs_wall_01_window_m_surface.dds
entitybank\cyberpunk streets booster pack\buildings\cs_roof_tile_2x2.fpe
entitybank\cyberpunk streets booster pack\buildings\cs_roof_tile_2x2.dbo
entitybank\cyberpunk streets booster pack\buildings\asphalt_color.dds
entitybank\cyberpunk streets booster pack\buildings\asphalt_normal.dds
entitybank\cyberpunk streets booster pack\buildings\asphalt_surface.dds
entitybank\cyberpunk streets booster pack\misc\sidewalk misc\cs_street_lamp.fpe
entitybank\cyberpunk streets booster pack\misc\sidewalk misc\cs_street_lamp.dbo
entitybank\cyberpunk streets booster pack\misc\sidewalk misc\cs_street_lamp_m_color.dds
entitybank\cyberpunk streets booster pack\misc\sidewalk misc\cs_street_lamp_m_normal.dds
entitybank\cyberpunk streets booster pack\misc\sidewalk misc\cs_street_lamp_m_surface.dds
entitybank\cyberpunk streets booster pack\misc\sidewalk misc\cs_street_lamp_m_emissive.png
entitybank\_markers\white light.fpe
entitybank\_markers\hybridlight.dbo
entitybank\_markers\lightbulb_white_d.dds
entitybank\cyberpunk streets booster pack\streets and sidewalks\streets\cs_street_curve_1.fpe
entitybank\cyberpunk streets booster pack\streets and sidewalks\streets\cs_street_curve_1.dbo
entitybank\cyberpunk streets booster pack\background buildings\cs_bg_building_04_base.fpe
entitybank\cyberpunk streets booster pack\background buildings\cs_bg_building_04_base.dbo
entitybank\cyberpunk streets booster pack\background buildings\cs_bg_building_04_base_m_color.dds
entitybank\cyberpunk streets booster pack\background buildings\cs_bg_building_04_base_m_normal.dds
entitybank\cyberpunk streets booster pack\background buildings\cs_bg_building_04_base_m_surface.dds
entitybank\cyberpunk streets booster pack\background buildings\cs_bg_building_04_base2.fpe
entitybank\cyberpunk streets booster pack\background buildings\cs_bg_building_04_base2.dbo
entitybank\cyberpunk streets booster pack\background buildings\ms_bg_building_04_base2_m_color.dds
entitybank\cyberpunk streets booster pack\background buildings\ms_bg_building_04_base2_m_normal.dds
entitybank\cyberpunk streets booster pack\background buildings\ms_bg_building_04_base2_m_surface.dds
entitybank\cyberpunk streets booster pack\background buildings\cs_bg_building_04_floor.fpe
entitybank\cyberpunk streets booster pack\background buildings\cs_bg_building_04_floor.dbo
entitybank\cyberpunk streets booster pack\background buildings\cs_bg_building_04_floor_m_color.dds
entitybank\cyberpunk streets booster pack\background buildings\cs_bg_building_04_floor_m_normal.dds
entitybank\cyberpunk streets booster pack\background buildings\cs_bg_building_04_floor_m_surface.dds
entitybank\cyberpunk streets booster pack\background buildings\cs_bg_building_04_top.fpe
entitybank\cyberpunk streets booster pack\background buildings\cs_bg_building_04_top.dbo
entitybank\cyberpunk streets booster pack\background buildings\cs_bg_building_04_top_m_color.dds
entitybank\cyberpunk streets booster pack\background buildings\cs_bg_building_04_top_m_normal.dds
entitybank\cyberpunk streets booster pack\background buildings\cs_bg_building_04_top_m_surface.dds
entitybank\cyberpunk streets booster pack\streets and sidewalks\streets\cs_street_light_marker.fpe
entitybank\cyberpunk streets booster pack\streets and sidewalks\streets\cs_street_light_marker.dbo
entitybank\cyberpunk streets booster pack\streets and sidewalks\streets\cs_street_light_marker_m_color.dds
entitybank\cyberpunk streets booster pack\streets and sidewalks\streets\cs_street_light_marker_m_normal.dds
entitybank\cyberpunk streets booster pack\streets and sidewalks\streets\cs_street_light_marker_m_surface.dds
entitybank\cyberpunk streets booster pack\streets and sidewalks\streets\cs_street_light_marker_m_emissive.png
entitybank\cyberpunk streets booster pack\streets and sidewalks\street decals\cs_street_straight_arrow_decal.fpe
entitybank\cyberpunk streets booster pack\streets and sidewalks\street decals\cs_street_straight_arrow_decal.dbo
entitybank\cyberpunk streets booster pack\streets and sidewalks\street decals\straight_arrow.dds
entitybank\cyberpunk streets booster pack\streets and sidewalks\sidewalks\cs_sidewalk_corner1.fpe
entitybank\cyberpunk streets booster pack\streets and sidewalks\sidewalks\cs_sidewalk_corner1.dbo
entitybank\cyberpunk streets booster pack\streets and sidewalks\sidewalks\cs_sidewalk_corner1_m_color.dds
entitybank\cyberpunk streets booster pack\streets and sidewalks\sidewalks\cs_sidewalk_corner1_m_normal.dds
entitybank\cyberpunk streets booster pack\streets and sidewalks\sidewalks\cs_sidewalk_corner1_m_surface.dds

















































































































































































































































































